Archive member included to satisfy reference by file (symbol)

c:/Users/User/AppData/Roaming/Code/User/globalStorage/bmd.stm32-for-vscode/@xpack-dev-tools/arm-none-eabi-gcc/13.2.1-1.1.1/.content/bin/../lib/gcc/arm-none-eabi/13.2.1/../../../../arm-none-eabi/lib/thumb/v7e-m+fp/hard\libc_nano.a(libc_a-atexit.o)
                              c:/Users/User/AppData/Roaming/Code/User/globalStorage/bmd.stm32-for-vscode/@xpack-dev-tools/arm-none-eabi-gcc/13.2.1-1.1.1/.content/bin/../lib/gcc/arm-none-eabi/13.2.1/../../../../arm-none-eabi/lib/thumb/v7e-m+fp/hard/crt0.o (atexit)
c:/Users/User/AppData/Roaming/Code/User/globalStorage/bmd.stm32-for-vscode/@xpack-dev-tools/arm-none-eabi-gcc/13.2.1-1.1.1/.content/bin/../lib/gcc/arm-none-eabi/13.2.1/../../../../arm-none-eabi/lib/thumb/v7e-m+fp/hard\libc_nano.a(libc_a-exit.o)
                              c:/Users/User/AppData/Roaming/Code/User/globalStorage/bmd.stm32-for-vscode/@xpack-dev-tools/arm-none-eabi-gcc/13.2.1-1.1.1/.content/bin/../lib/gcc/arm-none-eabi/13.2.1/../../../../arm-none-eabi/lib/thumb/v7e-m+fp/hard/crt0.o (exit)
c:/Users/User/AppData/Roaming/Code/User/globalStorage/bmd.stm32-for-vscode/@xpack-dev-tools/arm-none-eabi-gcc/13.2.1-1.1.1/.content/bin/../lib/gcc/arm-none-eabi/13.2.1/../../../../arm-none-eabi/lib/thumb/v7e-m+fp/hard\libc_nano.a(libc_a-findfp.o)
                              c:/Users/User/AppData/Roaming/Code/User/globalStorage/bmd.stm32-for-vscode/@xpack-dev-tools/arm-none-eabi-gcc/13.2.1-1.1.1/.content/bin/../lib/gcc/arm-none-eabi/13.2.1/../../../../arm-none-eabi/lib/thumb/v7e-m+fp/hard\libc_nano.a(libc_a-exit.o) (__stdio_exit_handler)
c:/Users/User/AppData/Roaming/Code/User/globalStorage/bmd.stm32-for-vscode/@xpack-dev-tools/arm-none-eabi-gcc/13.2.1-1.1.1/.content/bin/../lib/gcc/arm-none-eabi/13.2.1/../../../../arm-none-eabi/lib/thumb/v7e-m+fp/hard\libc_nano.a(libc_a-fwalk.o)
                              c:/Users/User/AppData/Roaming/Code/User/globalStorage/bmd.stm32-for-vscode/@xpack-dev-tools/arm-none-eabi-gcc/13.2.1-1.1.1/.content/bin/../lib/gcc/arm-none-eabi/13.2.1/../../../../arm-none-eabi/lib/thumb/v7e-m+fp/hard\libc_nano.a(libc_a-findfp.o) (_fwalk_sglue)
c:/Users/User/AppData/Roaming/Code/User/globalStorage/bmd.stm32-for-vscode/@xpack-dev-tools/arm-none-eabi-gcc/13.2.1-1.1.1/.content/bin/../lib/gcc/arm-none-eabi/13.2.1/../../../../arm-none-eabi/lib/thumb/v7e-m+fp/hard\libc_nano.a(libc_a-stdio.o)
                              c:/Users/User/AppData/Roaming/Code/User/globalStorage/bmd.stm32-for-vscode/@xpack-dev-tools/arm-none-eabi-gcc/13.2.1-1.1.1/.content/bin/../lib/gcc/arm-none-eabi/13.2.1/../../../../arm-none-eabi/lib/thumb/v7e-m+fp/hard\libc_nano.a(libc_a-findfp.o) (__sread)
c:/Users/User/AppData/Roaming/Code/User/globalStorage/bmd.stm32-for-vscode/@xpack-dev-tools/arm-none-eabi-gcc/13.2.1-1.1.1/.content/bin/../lib/gcc/arm-none-eabi/13.2.1/../../../../arm-none-eabi/lib/thumb/v7e-m+fp/hard\libc_nano.a(libc_a-memset.o)
                              c:/Users/User/AppData/Roaming/Code/User/globalStorage/bmd.stm32-for-vscode/@xpack-dev-tools/arm-none-eabi-gcc/13.2.1-1.1.1/.content/bin/../lib/gcc/arm-none-eabi/13.2.1/../../../../arm-none-eabi/lib/thumb/v7e-m+fp/hard/crt0.o (memset)
c:/Users/User/AppData/Roaming/Code/User/globalStorage/bmd.stm32-for-vscode/@xpack-dev-tools/arm-none-eabi-gcc/13.2.1-1.1.1/.content/bin/../lib/gcc/arm-none-eabi/13.2.1/../../../../arm-none-eabi/lib/thumb/v7e-m+fp/hard\libc_nano.a(libc_a-closer.o)
                              c:/Users/User/AppData/Roaming/Code/User/globalStorage/bmd.stm32-for-vscode/@xpack-dev-tools/arm-none-eabi-gcc/13.2.1-1.1.1/.content/bin/../lib/gcc/arm-none-eabi/13.2.1/../../../../arm-none-eabi/lib/thumb/v7e-m+fp/hard\libc_nano.a(libc_a-stdio.o) (_close_r)
c:/Users/User/AppData/Roaming/Code/User/globalStorage/bmd.stm32-for-vscode/@xpack-dev-tools/arm-none-eabi-gcc/13.2.1-1.1.1/.content/bin/../lib/gcc/arm-none-eabi/13.2.1/../../../../arm-none-eabi/lib/thumb/v7e-m+fp/hard\libc_nano.a(libc_a-reent.o)
                              c:/Users/User/AppData/Roaming/Code/User/globalStorage/bmd.stm32-for-vscode/@xpack-dev-tools/arm-none-eabi-gcc/13.2.1-1.1.1/.content/bin/../lib/gcc/arm-none-eabi/13.2.1/../../../../arm-none-eabi/lib/thumb/v7e-m+fp/hard\libc_nano.a(libc_a-closer.o) (errno)
c:/Users/User/AppData/Roaming/Code/User/globalStorage/bmd.stm32-for-vscode/@xpack-dev-tools/arm-none-eabi-gcc/13.2.1-1.1.1/.content/bin/../lib/gcc/arm-none-eabi/13.2.1/../../../../arm-none-eabi/lib/thumb/v7e-m+fp/hard\libc_nano.a(libc_a-impure.o)
                              c:/Users/User/AppData/Roaming/Code/User/globalStorage/bmd.stm32-for-vscode/@xpack-dev-tools/arm-none-eabi-gcc/13.2.1-1.1.1/.content/bin/../lib/gcc/arm-none-eabi/13.2.1/../../../../arm-none-eabi/lib/thumb/v7e-m+fp/hard\libc_nano.a(libc_a-reent.o) (_impure_ptr)
[...]
Memory Configuration

Name             Origin             Length             Attributes
RAM              0x20000000         0x00010000         xrw
FLASH            0x08000000         0x00040000         xr
*default*        0x00000000         0xffffffff

Linker script and memory map

LOAD c:/Users/User/AppData/Roaming/Code/User/globalStorage/bmd.stm32-for-vscode/@xpack-dev-tools/arm-none-eabi-gcc/13.2.1-1.1.1/.content/bin/../lib/gcc/arm-none-eabi/13.2.1/thumb/v7e-m+fp/hard/crti.o
LOAD c:/Users/User/AppData/Roaming/Code/User/globalStorage/bmd.stm32-for-vscode/@xpack-dev-tools/arm-none-eabi-gcc/13.2.1-1.1.1/.content/bin/../lib/gcc/arm-none-eabi/13.2.1/thumb/v7e-m+fp/hard/crtbegin.o
LOAD c:/Users/User/AppData/Roaming/Code/User/globalStorage/bmd.stm32-for-vscode/@xpack-dev-tools/arm-none-eabi-gcc/13.2.1-1.1.1/.content/bin/../lib/gcc/arm-none-eabi/13.2.1/../../../../arm-none-eabi/lib/thumb/v7e-m+fp/hard/crt0.o
LOAD build/adt7422.o
LOAD build/led.o
LOAD build/main.o
LOAD build/stm32f4xx_hal_msp.o
LOAD build/stm32f4xx_it.o
LOAD build/syscalls.o
LOAD build/sysmem.o
LOAD build/system_stm32f4xx.o
LOAD build/stm32f4xx_hal.o
LOAD build/stm32f4xx_hal_cortex.o
LOAD build/stm32f4xx_hal_dma.o
LOAD build/stm32f4xx_hal_dma_ex.o
LOAD build/stm32f4xx_hal_exti.o
LOAD build/stm32f4xx_hal_flash.o
LOAD build/stm32f4xx_hal_flash_ex.o
LOAD build/stm32f4xx_hal_flash_ramfunc.o
LOAD build/stm32f4xx_hal_gpio.o
LOAD build/stm32f4xx_hal_i2c.o
LOAD build/stm32f4xx_hal_i2c_ex.o
LOAD build/stm32f4xx_hal_pcd.o
LOAD build/stm32f4xx_hal_pcd_ex.o
LOAD build/stm32f4xx_hal_pwr.o
LOAD build/stm32f4xx_hal_pwr_ex.o
LOAD build/stm32f4xx_hal_rcc.o
LOAD build/stm32f4xx_hal_rcc_ex.o
LOAD build/stm32f4xx_hal_tim.o
LOAD build/stm32f4xx_hal_tim_ex.o
LOAD build/stm32f4xx_ll_usb.o
LOAD build/usbd_cdc.o
LOAD build/usbd_core.o
LOAD build/usbd_ctlreq.o
LOAD build/usbd_ioreq.o
LOAD build/usb_device.o
LOAD build/usbd_cdc_if.o
LOAD build/usbd_desc.o
LOAD build/usbd_conf.o
LOAD build/startup_stm32f401xc.o
LOAD c:/Users/User/AppData/Roaming/Code/User/globalStorage/bmd.stm32-for-vscode/@xpack-dev-tools/arm-none-eabi-gcc/13.2.1-1.1.1/.content/bin/../lib/gcc/arm-none-eabi/13.2.1/../../../../arm-none-eabi/lib/thumb/v7e-m+fp/hard\libc_nano.a
LOAD c:/Users/User/AppData/Roaming/Code/User/globalStorage/bmd.stm32-for-vscode/@xpack-dev-tools/arm-none-eabi-gcc/13.2.1-1.1.1/.content/bin/../lib/gcc/arm-none-eabi/13.2.1/../../../../arm-none-eabi/lib/thumb/v7e-m+fp/hard\libm.a
LOAD c:/Users/User/AppData/Roaming/Code/User/globalStorage/bmd.stm32-for-vscode/@xpack-dev-tools/arm-none-eabi-gcc/13.2.1-1.1.1/.content/bin/../lib/gcc/arm-none-eabi/13.2.1/../../../../arm-none-eabi/lib/thumb/v7e-m+fp/hard\libnosys.a
START GROUP
LOAD c:/Users/User/AppData/Roaming/Code/User/globalStorage/bmd.stm32-for-vscode/@xpack-dev-tools/arm-none-eabi-gcc/13.2.1-1.1.1/.content/bin/../lib/gcc/arm-none-eabi/13.2.1/thumb/v7e-m+fp/hard\libgcc.a
LOAD c:/Users/User/AppData/Roaming/Code/User/globalStorage/bmd.stm32-for-vscode/@xpack-dev-tools/arm-none-eabi-gcc/13.2.1-1.1.1/.content/bin/../lib/gcc/arm-none-eabi/13.2.1/../../../../arm-none-eabi/lib/thumb/v7e-m+fp/hard\libc_nano.a
END GROUP
START GROUP
LOAD c:/Users/User/AppData/Roaming/Code/User/globalStorage/bmd.stm32-for-vscode/@xpack-dev-tools/arm-none-eabi-gcc/13.2.1-1.1.1/.content/bin/../lib/gcc/arm-none-eabi/13.2.1/thumb/v7e-m+fp/hard\libgcc.a
LOAD c:/Users/User/AppData/Roaming/Code/User/globalStorage/bmd.stm32-for-vscode/@xpack-dev-tools/arm-none-eabi-gcc/13.2.1-1.1.1/.content/bin/../lib/gcc/arm-none-eabi/13.2.1/../../../../arm-none-eabi/lib/thumb/v7e-m+fp/hard\libc_nano.a
END GROUP
LOAD c:/Users/User/AppData/Roaming/Code/User/globalStorage/bmd.stm32-for-vscode/@xpack-dev-tools/arm-none-eabi-gcc/13.2.1-1.1.1/.content/bin/../lib/gcc/arm-none-eabi/13.2.1/thumb/v7e-m+fp/hard/crtend.o
LOAD c:/Users/User/AppData/Roaming/Code/User/globalStorage/bmd.stm32-for-vscode/@xpack-dev-tools/arm-none-eabi-gcc/13.2.1-1.1.1/.content/bin/../lib/gcc/arm-none-eabi/13.2.1/thumb/v7e-m+fp/hard/crtn.o
                0x20010000                        _estack = (ORIGIN (RAM) + LENGTH (RAM))
                0x00000200                        _Min_Heap_Size = 0x200
                0x00000400                        _Min_Stack_Size = 0x400

.isr_vector     0x08000000      0x194
                0x08000000                        . = ALIGN (0x4)
 *(.isr_vector)
 .isr_vector    0x08000000      0x194 build/startup_stm32f401xc.o
                0x08000000                g_pfnVectors
                0x08000194                        . = ALIGN (0x4)

.text           0x08000194     0x4620
                0x08000194                        . = ALIGN (0x4)
 *(.text)
 .text          0x08000194       0x30 c:/Users/User/AppData/Roaming/Code/User/globalStorage/bmd.stm32-for-vscode/@xpack-dev-tools/arm-none-eabi-gcc/13.2.1-1.1.1/.content/bin/../lib/gcc/arm-none-eabi/13.2.1/thumb/v7e-m+fp/hard\libgcc.a(_aeabi_uldivmod.o)
                0x08000194                __aeabi_uldivmod
 .text          0x080001c4        0x4 c:/Users/User/AppData/Roaming/Code/User/globalStorage/bmd.stm32-for-vscode/@xpack-dev-tools/arm-none-eabi-gcc/13.2.1-1.1.1/.content/bin/../lib/gcc/arm-none-eabi/13.2.1/thumb/v7e-m+fp/hard\libgcc.a(_dvmd_tls.o)
                0x080001c4                __aeabi_idiv0
                0x080001c4                __aeabi_ldiv0
 *(.text*)
 .text.__do_global_dtors_aux
                0x080001c8       0x24 c:/Users/User/AppData/Roaming/Code/User/globalStorage/bmd.stm32-for-vscode/@xpack-dev-tools/arm-none-eabi-gcc/13.2.1-1.1.1/.content/bin/../lib/gcc/arm-none-eabi/13.2.1/thumb/v7e-m+fp/hard/crtbegin.o
 .text.frame_dummy
                0x080001ec       0x1c c:/Users/User/AppData/Roaming/Code/User/globalStorage/bmd.stm32-for-vscode/@xpack-dev-tools/arm-none-eabi-gcc/13.2.1-1.1.1/.content/bin/../lib/gcc/arm-none-eabi/13.2.1/thumb/v7e-m+fp/hard/crtbegin.o
 .text.led_on   0x08000208       0x14 build/led.o
                0x08000208                led_on
 .text.led_off  0x0800021c       0x14 build/led.o
                0x0800021c                led_off
 .text.led_blink
                0x08000230       0x1c build/led.o
                0x08000230                led_blink
 .text.led_blink_number
                0x0800024c       0x14 build/led.o
                0x0800024c                led_blink_number
 .text.MX_GPIO_Init
                0x08000260       0x94 build/main.o
 .text.Error_Handler
                0x080002f4        0x4 build/main.o
                0x080002f4                Error_Handler
 .text.MX_I2C1_Init
                0x080002f8       0x38 build/main.o
 .text.MX_TIM10_Init
                0x08000330       0x2c build/main.o
 .text.MX_TIM11_Init
                0x0800035c       0x2c build/main.o
 .text.SystemClock_Config
                0x08000388       0xa4 build/main.o
                0x08000388                SystemClock_Config
 .text.main     0x0800042c       0x44 build/main.o
                0x0800042c                main
 .text.HAL_MspInit
                0x08000470       0x38 build/stm32f4xx_hal_msp.o
                0x08000470                HAL_MspInit
 .text.HAL_I2C_MspInit
                0x080004a8       0x70 build/stm32f4xx_hal_msp.o
                0x080004a8                HAL_I2C_MspInit
 .text.HAL_TIM_Base_MspInit
                0x08000518       0x74 build/stm32f4xx_hal_msp.o
                0x08000518                HAL_TIM_Base_MspInit
 .text.NMI_Handler
                0x0800058c        0x2 build/stm32f4xx_it.o
                0x0800058c                NMI_Handler
 .text.HardFault_Handler
                0x0800058e        0x2 build/stm32f4xx_it.o
                0x0800058e                HardFault_Handler
 .text.MemManage_Handler
                0x08000590        0x2 build/stm32f4xx_it.o
                0x08000590                MemManage_Handler
 .text.BusFault_Handler
                0x08000592        0x2 build/stm32f4xx_it.o
                0x08000592                BusFault_Handler
 .text.UsageFault_Handler
                0x08000594        0x2 build/stm32f4xx_it.o
                0x08000594                UsageFault_Handler
 .text.SVC_Handler
                0x08000596        0x2 build/stm32f4xx_it.o
                0x08000596                SVC_Handler
 .text.DebugMon_Handler
                0x08000598        0x2 build/stm32f4xx_it.o
                0x08000598                DebugMon_Handler
 .text.PendSV_Handler
                0x0800059a        0x2 build/stm32f4xx_it.o
                0x0800059a                PendSV_Handler
 .text.SysTick_Handler
                0x0800059c        0x8 build/stm32f4xx_it.o
                0x0800059c                SysTick_Handler
 .text.TIM1_UP_TIM10_IRQHandler
                0x080005a4       0x10 build/stm32f4xx_it.o
                0x080005a4                TIM1_UP_TIM10_IRQHandler
 .text.TIM1_TRG_COM_TIM11_IRQHandler
                0x080005b4       0x10 build/stm32f4xx_it.o
                0x080005b4                TIM1_TRG_COM_TIM11_IRQHandler
 .text.OTG_FS_IRQHandler
                0x080005c4       0x10 build/stm32f4xx_it.o
                0x080005c4                OTG_FS_IRQHandler
 .text.SystemInit
                0x080005d4       0x14 build/system_stm32f4xx.o
                0x080005d4                SystemInit
 .text.HAL_InitTick
                0x080005e8       0x4c build/stm32f4xx_hal.o
                0x080005e8                HAL_InitTick
 .text.HAL_Init
                0x08000634       0x34 build/stm32f4xx_hal.o
                0x08000634                HAL_Init
 .text.HAL_IncTick
                0x08000668       0x18 build/stm32f4xx_hal.o
                0x08000668                HAL_IncTick
 .text.HAL_GetTick
                0x08000680        0xc build/stm32f4xx_hal.o
                0x08000680                HAL_GetTick
 .text.HAL_Delay
                0x0800068c       0x28 build/stm32f4xx_hal.o
                0x0800068c                HAL_Delay
 .text.__NVIC_SetPriority
                0x080006b4       0x28 build/stm32f4xx_hal_cortex.o
 .text.NVIC_EncodePriority
                0x080006dc       0x3e build/stm32f4xx_hal_cortex.o
 *fill*         0x0800071a        0x2 
 .text.HAL_NVIC_SetPriorityGrouping
                0x0800071c       0x24 build/stm32f4xx_hal_cortex.o
                0x0800071c                HAL_NVIC_SetPriorityGrouping
 .text.HAL_NVIC_SetPriority
                0x08000740       0x20 build/stm32f4xx_hal_cortex.o
                0x08000740                HAL_NVIC_SetPriority
 .text.HAL_NVIC_EnableIRQ
                0x08000760       0x1c build/stm32f4xx_hal_cortex.o
                0x08000760                HAL_NVIC_EnableIRQ
 .text.HAL_SYSTICK_Config
                0x0800077c       0x28 build/stm32f4xx_hal_cortex.o
                0x0800077c                HAL_SYSTICK_Config
 .text.HAL_GPIO_Init
                0x080007a4      0x1c8 build/stm32f4xx_hal_gpio.o
                0x080007a4                HAL_GPIO_Init
 .text.HAL_GPIO_WritePin
                0x0800096c        0xc build/stm32f4xx_hal_gpio.o
                0x0800096c                HAL_GPIO_WritePin
 .text.I2C_WaitOnFlagUntilTimeout
                0x08000978       0x7c build/stm32f4xx_hal_i2c.o
 .text.HAL_I2C_Init
                0x080009f4      0x1bc build/stm32f4xx_hal_i2c.o
                0x080009f4                HAL_I2C_Init
 .text.HAL_I2C_IsDeviceReady
                0x08000bb0      0x194 build/stm32f4xx_hal_i2c.o
                0x08000bb0                HAL_I2C_IsDeviceReady
 .text.PCD_WriteEmptyTxFifo
                0x08000d44       0xd0 build/stm32f4xx_hal_pcd.o
 .text.HAL_PCD_Init
                0x08000e14      0x12e build/stm32f4xx_hal_pcd.o
                0x08000e14                HAL_PCD_Init
 .text.HAL_PCD_Start
                0x08000f42       0x42 build/stm32f4xx_hal_pcd.o
                0x08000f42                HAL_PCD_Start
 .text.PCD_EP_OutXfrComplete_int
                0x08000f84      0x104 build/stm32f4xx_hal_pcd.o
 .text.PCD_EP_OutSetupPacket_int
                0x08001088       0x50 build/stm32f4xx_hal_pcd.o
 .text.HAL_PCD_SetAddress
                0x080010d8       0x28 build/stm32f4xx_hal_pcd.o
                0x080010d8                HAL_PCD_SetAddress
 .text.HAL_PCD_EP_Open
                0x08001100       0x8a build/stm32f4xx_hal_pcd.o
                0x08001100                HAL_PCD_EP_Open
 .text.HAL_PCD_EP_Close
                0x0800118a       0x72 build/stm32f4xx_hal_pcd.o
                0x0800118a                HAL_PCD_EP_Close
 .text.HAL_PCD_EP_Receive
                0x080011fc       0x5e build/stm32f4xx_hal_pcd.o
                0x080011fc                HAL_PCD_EP_Receive
 .text.HAL_PCD_EP_GetRxCount
                0x0800125a       0x12 build/stm32f4xx_hal_pcd.o
                0x0800125a                HAL_PCD_EP_GetRxCount
 .text.HAL_PCD_EP_Transmit
                0x0800126c       0x5e build/stm32f4xx_hal_pcd.o
                0x0800126c                HAL_PCD_EP_Transmit
 .text.HAL_PCD_EP_SetStall
                0x080012ca       0x88 build/stm32f4xx_hal_pcd.o
                0x080012ca                HAL_PCD_EP_SetStall
 .text.HAL_PCD_EP_ClrStall
                0x08001352       0x76 build/stm32f4xx_hal_pcd.o
                0x08001352                HAL_PCD_EP_ClrStall
 .text.HAL_PCD_EP_Abort
                0x080013c8       0x34 build/stm32f4xx_hal_pcd.o
                0x080013c8                HAL_PCD_EP_Abort
 .text.HAL_PCD_IRQHandler
                0x080013fc      0x5c8 build/stm32f4xx_hal_pcd.o
                0x080013fc                HAL_PCD_IRQHandler
 .text.HAL_PCDEx_SetTxFiFo
                0x080019c4       0x4c build/stm32f4xx_hal_pcd_ex.o
                0x080019c4                HAL_PCDEx_SetTxFiFo
 .text.HAL_PCDEx_SetRxFiFo
                0x08001a10        0x8 build/stm32f4xx_hal_pcd_ex.o
                0x08001a10                HAL_PCDEx_SetRxFiFo
 .text.HAL_PCDEx_LPM_Callback
                0x08001a18        0x2 build/stm32f4xx_hal_pcd_ex.o
                0x08001a18                HAL_PCDEx_LPM_Callback
 *fill*         0x08001a1a        0x2 
 .text.HAL_RCC_OscConfig
                0x08001a1c      0x3f8 build/stm32f4xx_hal_rcc.o
                0x08001a1c                HAL_RCC_OscConfig
 .text.HAL_RCC_GetSysClockFreq
                0x08001e14       0xa8 build/stm32f4xx_hal_rcc.o
                0x08001e14                HAL_RCC_GetSysClockFreq
 .text.HAL_RCC_ClockConfig
                0x08001ebc      0x160 build/stm32f4xx_hal_rcc.o
                0x08001ebc                HAL_RCC_ClockConfig
 .text.HAL_RCC_GetHCLKFreq
                0x0800201c        0xc build/stm32f4xx_hal_rcc.o
                0x0800201c                HAL_RCC_GetHCLKFreq
 .text.HAL_RCC_GetPCLK1Freq
                0x08002028       0x20 build/stm32f4xx_hal_rcc.o
                0x08002028                HAL_RCC_GetPCLK1Freq
 .text.HAL_TIM_PeriodElapsedCallback
                0x08002048        0x2 build/stm32f4xx_hal_tim.o
                0x08002048                HAL_TIM_PeriodElapsedCallback
 .text.HAL_TIM_OC_DelayElapsedCallback
                0x0800204a        0x2 build/stm32f4xx_hal_tim.o
                0x0800204a                HAL_TIM_OC_DelayElapsedCallback
 .text.HAL_TIM_IC_CaptureCallback
                0x0800204c        0x2 build/stm32f4xx_hal_tim.o
                0x0800204c                HAL_TIM_IC_CaptureCallback
 .text.HAL_TIM_PWM_PulseFinishedCallback
                0x0800204e        0x2 build/stm32f4xx_hal_tim.o
                0x0800204e                HAL_TIM_PWM_PulseFinishedCallback
 .text.HAL_TIM_TriggerCallback
                0x08002050        0x2 build/stm32f4xx_hal_tim.o
                0x08002050                HAL_TIM_TriggerCallback
 .text.HAL_TIM_IRQHandler
                0x08002052      0x17a build/stm32f4xx_hal_tim.o
                0x08002052                HAL_TIM_IRQHandler
 .text.TIM_Base_SetConfig
                0x080021cc       0x9c build/stm32f4xx_hal_tim.o
                0x080021cc                TIM_Base_SetConfig
 .text.HAL_TIM_Base_Init
                0x08002268       0x58 build/stm32f4xx_hal_tim.o
                0x08002268                HAL_TIM_Base_Init
 .text.HAL_TIMEx_CommutCallback
                0x080022c0        0x2 build/stm32f4xx_hal_tim_ex.o
                0x080022c0                HAL_TIMEx_CommutCallback
 .text.HAL_TIMEx_BreakCallback
                0x080022c2        0x2 build/stm32f4xx_hal_tim_ex.o
                0x080022c2                HAL_TIMEx_BreakCallback
 .text.USB_CoreReset
                0x080022c4       0x50 build/stm32f4xx_ll_usb.o
 .text.USB_CoreInit
                0x08002314       0x8a build/stm32f4xx_ll_usb.o
                0x08002314                USB_CoreInit
 *fill*         0x0800239e        0x2 
 .text.USB_SetTurnaroundTime
                0x080023a0       0xe4 build/stm32f4xx_ll_usb.o
                0x080023a0                USB_SetTurnaroundTime
 .text.USB_EnableGlobalInt
                0x08002484        0xc build/stm32f4xx_ll_usb.o
                0x08002484                USB_EnableGlobalInt
 .text.USB_DisableGlobalInt
                0x08002490        0xc build/stm32f4xx_ll_usb.o
                0x08002490                USB_DisableGlobalInt
 .text.USB_FlushTxFifo
                0x0800249c       0x50 build/stm32f4xx_ll_usb.o
                0x0800249c                USB_FlushTxFifo
 .text.USB_FlushRxFifo
                0x080024ec       0x4c build/stm32f4xx_ll_usb.o
                0x080024ec                USB_FlushRxFifo
 .text.USB_SetDevSpeed
                0x08002538        0xe build/stm32f4xx_ll_usb.o
                0x08002538                USB_SetDevSpeed
 *fill*         0x08002546        0x2 
 .text.USB_DevInit
                0x08002548      0x190 build/stm32f4xx_ll_usb.o
                0x08002548                USB_DevInit
 .text.USB_GetDevSpeed
                0x080026d8       0x22 build/stm32f4xx_ll_usb.o
                0x080026d8                USB_GetDevSpeed
 .text.USB_ActivateEndpoint
                0x080026fa       0x9a build/stm32f4xx_ll_usb.o
                0x080026fa                USB_ActivateEndpoint
 .text.USB_DeactivateEndpoint
                0x08002794       0xe0 build/stm32f4xx_ll_usb.o
                0x08002794                USB_DeactivateEndpoint
 .text.USB_EP0StartXfer
                0x08002874      0x118 build/stm32f4xx_ll_usb.o
                0x08002874                USB_EP0StartXfer
 .text.USB_EPStopXfer
                0x0800298c       0xbe build/stm32f4xx_ll_usb.o
                0x0800298c                USB_EPStopXfer
 .text.USB_WritePacket
                0x08002a4a       0x2e build/stm32f4xx_ll_usb.o
                0x08002a4a                USB_WritePacket
 .text.USB_EPStartXfer
                0x08002a78      0x228 build/stm32f4xx_ll_usb.o
                0x08002a78                USB_EPStartXfer
 .text.USB_ReadPacket
                0x08002ca0       0x46 build/stm32f4xx_ll_usb.o
                0x08002ca0                USB_ReadPacket
 .text.USB_EPSetStall
                0x08002ce6       0x5a build/stm32f4xx_ll_usb.o
                0x08002ce6                USB_EPSetStall
 .text.USB_EPClearStall
                0x08002d40       0x5c build/stm32f4xx_ll_usb.o
                0x08002d40                USB_EPClearStall
 .text.USB_SetDevAddress
                0x08002d9c       0x20 build/stm32f4xx_ll_usb.o
                0x08002d9c                USB_SetDevAddress
 .text.USB_DevConnect
                0x08002dbc       0x1c build/stm32f4xx_ll_usb.o
                0x08002dbc                USB_DevConnect
 .text.USB_DevDisconnect
                0x08002dd8       0x1c build/stm32f4xx_ll_usb.o
                0x08002dd8                USB_DevDisconnect
 .text.USB_ReadInterrupts
                0x08002df4        0x8 build/stm32f4xx_ll_usb.o
                0x08002df4                USB_ReadInterrupts
 .text.USB_ReadDevAllOutEpInterrupt
                0x08002dfc       0x10 build/stm32f4xx_ll_usb.o
                0x08002dfc                USB_ReadDevAllOutEpInterrupt
 .text.USB_ReadDevAllInEpInterrupt
                0x08002e0c       0x10 build/stm32f4xx_ll_usb.o
                0x08002e0c                USB_ReadDevAllInEpInterrupt
 .text.USB_ReadDevOutEPInterrupt
                0x08002e1c       0x12 build/stm32f4xx_ll_usb.o
                0x08002e1c                USB_ReadDevOutEPInterrupt
 .text.USB_ReadDevInEPInterrupt
                0x08002e2e       0x24 build/stm32f4xx_ll_usb.o
                0x08002e2e                USB_ReadDevInEPInterrupt
 .text.USB_GetMode
                0x08002e52        0x8 build/stm32f4xx_ll_usb.o
                0x08002e52                USB_GetMode
 .text.USB_SetCurrentMode
                0x08002e5a       0x62 build/stm32f4xx_ll_usb.o
                0x08002e5a                USB_SetCurrentMode
 .text.USB_ActivateSetup
                0x08002ebc       0x1c build/stm32f4xx_ll_usb.o
                0x08002ebc                USB_ActivateSetup
 .text.USB_EP0_OutStart
                0x08002ed8       0x60 build/stm32f4xx_ll_usb.o
                0x08002ed8                USB_EP0_OutStart
 .text.USBD_CDC_EP0_RxReady
                0x08002f38       0x40 build/usbd_cdc.o
 .text.USBD_CDC_GetDeviceQualifierDescriptor
                0x08002f78        0xc build/usbd_cdc.o
                0x08002f78                USBD_CDC_GetDeviceQualifierDescriptor
 .text.USBD_CDC_GetOtherSpeedCfgDesc
                0x08002f84       0x48 build/usbd_cdc.o
 .text.USBD_CDC_GetFSCfgDesc
                0x08002fcc       0x48 build/usbd_cdc.o
 .text.USBD_CDC_GetHSCfgDesc
                0x08003014       0x48 build/usbd_cdc.o
 .text.USBD_CDC_DataOut
                0x0800305c       0x38 build/usbd_cdc.o
 .text.USBD_CDC_DataIn
                0x08003094       0x7c build/usbd_cdc.o
 .text.USBD_CDC_Setup
                0x08003110      0x11a build/usbd_cdc.o
 .text.USBD_CDC_DeInit
                0x0800322a       0x64 build/usbd_cdc.o
 .text.USBD_CDC_Init
                0x0800328e       0xee build/usbd_cdc.o
 .text.USBD_CDC_RegisterInterface
                0x0800337c       0x16 build/usbd_cdc.o
                0x0800337c                USBD_CDC_RegisterInterface
 .text.USBD_CDC_SetTxBuffer
                0x08003392       0x1c build/usbd_cdc.o
                0x08003392                USBD_CDC_SetTxBuffer
 .text.USBD_CDC_SetRxBuffer
                0x080033ae       0x18 build/usbd_cdc.o
                0x080033ae                USBD_CDC_SetRxBuffer
 .text.USBD_CDC_ReceivePacket
                0x080033c6       0x38 build/usbd_cdc.o
                0x080033c6                USBD_CDC_ReceivePacket
 .text.USBD_Init
                0x080033fe       0x2e build/usbd_core.o
                0x080033fe                USBD_Init
 .text.USBD_RegisterClass
                0x0800342c       0x34 build/usbd_core.o
                0x0800342c                USBD_RegisterClass
 .text.USBD_Start
                0x08003460        0x8 build/usbd_core.o
                0x08003460                USBD_Start
 .text.USBD_SetClassConfig
                0x08003468       0x12 build/usbd_core.o
                0x08003468                USBD_SetClassConfig
 .text.USBD_ClrClassConfig
                0x0800347a       0x12 build/usbd_core.o
                0x0800347a                USBD_ClrClassConfig
 .text.USBD_LL_SetupStage
                0x0800348c       0x58 build/usbd_core.o
                0x0800348c                USBD_LL_SetupStage
 .text.USBD_LL_Reset
                0x080034e4       0x64 build/usbd_core.o
                0x080034e4                USBD_LL_Reset
 .text.USBD_LL_SetSpeed
                0x08003548        0x6 build/usbd_core.o
                0x08003548                USBD_LL_SetSpeed
 .text.USBD_LL_Suspend
                0x0800354e       0x14 build/usbd_core.o
                0x0800354e                USBD_LL_Suspend
 .text.USBD_LL_Resume
                0x08003562       0x1a build/usbd_core.o
                0x08003562                USBD_LL_Resume
 .text.USBD_LL_SOF
                0x0800357c       0x22 build/usbd_core.o
                0x0800357c                USBD_LL_SOF
 .text.USBD_LL_IsoINIncomplete
                0x0800359e       0x2e build/usbd_core.o
                0x0800359e                USBD_LL_IsoINIncomplete
 .text.USBD_LL_IsoOUTIncomplete
                0x080035cc       0x2e build/usbd_core.o
                0x080035cc                USBD_LL_IsoOUTIncomplete
 .text.USBD_LL_DevConnected
                0x080035fa        0x4 build/usbd_core.o
                0x080035fa                USBD_LL_DevConnected
 .text.USBD_LL_DevDisconnected
                0x080035fe       0x20 build/usbd_core.o
                0x080035fe                USBD_LL_DevDisconnected
 .text.USBD_CoreFindIF
                0x0800361e        0x4 build/usbd_core.o
                0x0800361e                USBD_CoreFindIF
 .text.USBD_CoreFindEP
                0x08003622        0x4 build/usbd_core.o
                0x08003622                USBD_CoreFindEP
 .text.USBD_LL_DataOutStage
                0x08003626       0xc4 build/usbd_core.o
                0x08003626                USBD_LL_DataOutStage
 .text.USBD_LL_DataInStage
                0x080036ea       0xd6 build/usbd_core.o
                0x080036ea                USBD_LL_DataInStage
 .text.USBD_GetNextDesc
                0x080037c0        0xe build/usbd_core.o
                0x080037c0                USBD_GetNextDesc
 .text.USBD_GetEpDesc
                0x080037ce       0x3e build/usbd_core.o
                0x080037ce                USBD_GetEpDesc
 .text.USBD_GetLen
                0x0800380c       0x14 build/usbd_ctlreq.o
 .text.USBD_ParseSetupRequest
                0x08003820       0x28 build/usbd_ctlreq.o
                0x08003820                USBD_ParseSetupRequest
 .text.USBD_CtlError
                0x08003848       0x14 build/usbd_ctlreq.o
                0x08003848                USBD_CtlError
 .text.USBD_GetDescriptor
                0x0800385c      0x18a build/usbd_ctlreq.o
 .text.USBD_SetAddress
                0x080039e6       0x50 build/usbd_ctlreq.o
 *fill*         0x08003a36        0x2 
 .text.USBD_SetConfig
                0x08003a38       0xcc build/usbd_ctlreq.o
 .text.USBD_GetConfig
                0x08003b04       0x40 build/usbd_ctlreq.o
 .text.USBD_GetStatus
                0x08003b44       0x38 build/usbd_ctlreq.o
 .text.USBD_SetFeature
                0x08003b7c       0x2a build/usbd_ctlreq.o
 .text.USBD_ClrFeature
                0x08003ba6       0x26 build/usbd_ctlreq.o
 .text.USBD_StdDevReq
                0x08003bcc       0x76 build/usbd_ctlreq.o
                0x08003bcc                USBD_StdDevReq
 .text.USBD_StdItfReq
                0x08003c42       0x84 build/usbd_ctlreq.o
                0x08003c42                USBD_StdItfReq
 .text.USBD_StdEPReq
                0x08003cc6      0x230 build/usbd_ctlreq.o
                0x08003cc6                USBD_StdEPReq
 .text.USBD_GetString
                0x08003ef6       0x3a build/usbd_ctlreq.o
                0x08003ef6                USBD_GetString
 .text.USBD_CtlSendData
                0x08003f30       0x1a build/usbd_ioreq.o
                0x08003f30                USBD_CtlSendData
 .text.USBD_CtlContinueSendData
                0x08003f4a       0x10 build/usbd_ioreq.o
                0x08003f4a                USBD_CtlContinueSendData
 .text.USBD_CtlPrepareRx
                0x08003f5a       0x1e build/usbd_ioreq.o
                0x08003f5a                USBD_CtlPrepareRx
 .text.USBD_CtlContinueRx
                0x08003f78       0x10 build/usbd_ioreq.o
                0x08003f78                USBD_CtlContinueRx
 .text.USBD_CtlSendStatus
                0x08003f88       0x16 build/usbd_ioreq.o
                0x08003f88                USBD_CtlSendStatus
 .text.USBD_CtlReceiveStatus
                0x08003f9e       0x16 build/usbd_ioreq.o
                0x08003f9e                USBD_CtlReceiveStatus
 .text.MX_USB_DEVICE_Init
                0x08003fb4       0x54 build/usb_device.o
                0x08003fb4                MX_USB_DEVICE_Init
 .text.CDC_DeInit_FS
                0x08004008        0x4 build/usbd_cdc_if.o
 .text.CDC_Control_FS
                0x0800400c        0x4 build/usbd_cdc_if.o
 .text.CDC_TransmitCplt_FS
                0x08004010        0x4 build/usbd_cdc_if.o
 .text.CDC_Receive_FS
                0x08004014       0x1c build/usbd_cdc_if.o
 .text.CDC_Init_FS
                0x08004030       0x28 build/usbd_cdc_if.o
 .text.USBD_FS_DeviceDescriptor
                0x08004058        0xc build/usbd_desc.o
                0x08004058                USBD_FS_DeviceDescriptor
 .text.USBD_FS_LangIDStrDescriptor
                0x08004064        0xc build/usbd_desc.o
                0x08004064                USBD_FS_LangIDStrDescriptor
 .text.IntToUnicode
                0x08004070       0x46 build/usbd_desc.o
 *fill*         0x080040b6        0x2 
 .text.Get_SerialNum
                0x080040b8       0x38 build/usbd_desc.o
 .text.USBD_FS_SerialStrDescriptor
                0x080040f0       0x14 build/usbd_desc.o
                0x080040f0                USBD_FS_SerialStrDescriptor
 .text.USBD_FS_ProductStrDescriptor
                0x08004104       0x24 build/usbd_desc.o
                0x08004104                USBD_FS_ProductStrDescriptor
 .text.USBD_FS_ManufacturerStrDescriptor
                0x08004128       0x1c build/usbd_desc.o
                0x08004128                USBD_FS_ManufacturerStrDescriptor
 .text.USBD_FS_ConfigStrDescriptor
                0x08004144       0x24 build/usbd_desc.o
                0x08004144                USBD_FS_ConfigStrDescriptor
 .text.USBD_FS_InterfaceStrDescriptor
                0x08004168       0x24 build/usbd_desc.o
                0x08004168                USBD_FS_InterfaceStrDescriptor
 .text.HAL_PCD_MspInit
                0x0800418c       0x84 build/usbd_conf.o
                0x0800418c                HAL_PCD_MspInit
 .text.HAL_PCD_SetupStageCallback
                0x08004210       0x10 build/usbd_conf.o
                0x08004210                HAL_PCD_SetupStageCallback
 .text.HAL_PCD_DataOutStageCallback
                0x08004220       0x18 build/usbd_conf.o
                0x08004220                HAL_PCD_DataOutStageCallback
 .text.HAL_PCD_DataInStageCallback
                0x08004238       0x16 build/usbd_conf.o
                0x08004238                HAL_PCD_DataInStageCallback
 .text.HAL_PCD_SOFCallback
                0x0800424e        0xc build/usbd_conf.o
                0x0800424e                HAL_PCD_SOFCallback
 .text.HAL_PCD_ResetCallback
                0x0800425a       0x24 build/usbd_conf.o
                0x0800425a                HAL_PCD_ResetCallback
 *fill*         0x0800427e        0x2 
 .text.HAL_PCD_SuspendCallback
                0x08004280       0x30 build/usbd_conf.o
                0x08004280                HAL_PCD_SuspendCallback
 .text.HAL_PCD_ResumeCallback
                0x080042b0        0xc build/usbd_conf.o
                0x080042b0                HAL_PCD_ResumeCallback
 .text.HAL_PCD_ISOOUTIncompleteCallback
                0x080042bc        0xc build/usbd_conf.o
                0x080042bc                HAL_PCD_ISOOUTIncompleteCallback
 .text.HAL_PCD_ISOINIncompleteCallback
                0x080042c8        0xc build/usbd_conf.o
                0x080042c8                HAL_PCD_ISOINIncompleteCallback
 .text.HAL_PCD_ConnectCallback
                0x080042d4        0xc build/usbd_conf.o
                0x080042d4                HAL_PCD_ConnectCallback
 .text.HAL_PCD_DisconnectCallback
                0x080042e0        0xc build/usbd_conf.o
                0x080042e0                HAL_PCD_DisconnectCallback
 .text.USBD_LL_Init
                0x080042ec       0x68 build/usbd_conf.o
                0x080042ec                USBD_LL_Init
 .text.USBD_LL_IsStallEP
                0x08004354       0x2e build/usbd_conf.o
                0x08004354                USBD_LL_IsStallEP
 .text.USBD_LL_GetRxDataSize
                0x08004382        0xc build/usbd_conf.o
                0x08004382                USBD_LL_GetRxDataSize
 *fill*         0x0800438e        0x2 
 .text.USBD_static_malloc
                0x08004390        0x8 build/usbd_conf.o
                0x08004390                USBD_static_malloc
 .text.USBD_static_free
                0x08004398        0x2 build/usbd_conf.o
                0x08004398                USBD_static_free
 .text.USBD_Get_USB_Status
                0x0800439a       0x14 build/usbd_conf.o
                0x0800439a                USBD_Get_USB_Status
 .text.USBD_LL_Start
                0x080043ae       0x10 build/usbd_conf.o
                0x080043ae                USBD_LL_Start
 .text.USBD_LL_OpenEP
                0x080043be       0x16 build/usbd_conf.o
                0x080043be                USBD_LL_OpenEP
 .text.USBD_LL_CloseEP
                0x080043d4       0x10 build/usbd_conf.o
                0x080043d4                USBD_LL_CloseEP
 .text.USBD_LL_StallEP
                0x080043e4       0x10 build/usbd_conf.o
                0x080043e4                USBD_LL_StallEP
 .text.USBD_LL_ClearStallEP
                0x080043f4       0x10 build/usbd_conf.o
                0x080043f4                USBD_LL_ClearStallEP
 .text.USBD_LL_SetUSBAddress
                0x08004404       0x10 build/usbd_conf.o
                0x08004404                USBD_LL_SetUSBAddress
 .text.USBD_LL_Transmit
                0x08004414       0x10 build/usbd_conf.o
                0x08004414                USBD_LL_Transmit
 .text.USBD_LL_PrepareReceive
                0x08004424       0x10 build/usbd_conf.o
                0x08004424                USBD_LL_PrepareReceive
 .text.Reset_Handler
                0x08004434       0x50 build/startup_stm32f401xc.o
                0x08004434                Reset_Handler
 .text.Default_Handler
                0x08004484        0x2 build/startup_stm32f401xc.o
                0x08004484                RTC_Alarm_IRQHandler
                0x08004484                EXTI2_IRQHandler
                0x08004484                SPI4_IRQHandler
                0x08004484                TIM1_CC_IRQHandler
                0x08004484                DMA2_Stream5_IRQHandler
                0x08004484                DMA1_Stream5_IRQHandler
                0x08004484                PVD_IRQHandler
                0x08004484                SDIO_IRQHandler
                0x08004484                TAMP_STAMP_IRQHandler
                0x08004484                EXTI3_IRQHandler
                0x08004484                I2C3_ER_IRQHandler
                0x08004484                EXTI0_IRQHandler
                0x08004484                I2C2_EV_IRQHandler
                0x08004484                DMA1_Stream2_IRQHandler
                0x08004484                FPU_IRQHandler
                0x08004484                DMA2_Stream2_IRQHandler
                0x08004484                SPI1_IRQHandler
                0x08004484                TIM1_BRK_TIM9_IRQHandler
                0x08004484                DMA2_Stream3_IRQHandler
                0x08004484                USART6_IRQHandler
                0x08004484                DMA2_Stream0_IRQHandler
                0x08004484                TIM4_IRQHandler
                0x08004484                I2C1_EV_IRQHandler
                0x08004484                DMA1_Stream6_IRQHandler
                0x08004484                DMA1_Stream1_IRQHandler
                0x08004484                TIM3_IRQHandler
                0x08004484                RCC_IRQHandler
                0x08004484                Default_Handler
                0x08004484                EXTI15_10_IRQHandler
                0x08004484                ADC_IRQHandler
                0x08004484                DMA1_Stream7_IRQHandler
                0x08004484                TIM5_IRQHandler
                0x08004484                DMA2_Stream7_IRQHandler
                0x08004484                I2C3_EV_IRQHandler
                0x08004484                EXTI9_5_IRQHandler
                0x08004484                RTC_WKUP_IRQHandler
                0x08004484                SPI2_IRQHandler
                0x08004484                DMA1_Stream0_IRQHandler
                0x08004484                EXTI4_IRQHandler
                0x08004484                WWDG_IRQHandler
                0x08004484                TIM2_IRQHandler
                0x08004484                OTG_FS_WKUP_IRQHandler
                0x08004484                EXTI1_IRQHandler
                0x08004484                USART2_IRQHandler
                0x08004484                I2C2_ER_IRQHandler
                0x08004484                DMA2_Stream1_IRQHandler
                0x08004484                FLASH_IRQHandler
                0x08004484                DMA2_Stream4_IRQHandler
                0x08004484                USART1_IRQHandler
                0x08004484                SPI3_IRQHandler
                0x08004484                DMA1_Stream4_IRQHandler
                0x08004484                I2C1_ER_IRQHandler
                0x08004484                DMA2_Stream6_IRQHandler
                0x08004484                DMA1_Stream3_IRQHandler
 .text.memset   0x08004486       0x10 c:/Users/User/AppData/Roaming/Code/User/globalStorage/bmd.stm32-for-vscode/@xpack-dev-tools/arm-none-eabi-gcc/13.2.1-1.1.1/.content/bin/../lib/gcc/arm-none-eabi/13.2.1/../../../../arm-none-eabi/lib/thumb/v7e-m+fp/hard\libc_nano.a(libc_a-memset.o)
                0x08004486                memset
 *fill*         0x08004496        0x2 
 .text.__libc_init_array
                0x08004498       0x48 c:/Users/User/AppData/Roaming/Code/User/globalStorage/bmd.stm32-for-vscode/@xpack-dev-tools/arm-none-eabi-gcc/13.2.1-1.1.1/.content/bin/../lib/gcc/arm-none-eabi/13.2.1/../../../../arm-none-eabi/lib/thumb/v7e-m+fp/hard\libc_nano.a(libc_a-init.o)
                0x08004498                __libc_init_array
 .text.__udivmoddi4
                0x080044e0      0x2bc c:/Users/User/AppData/Roaming/Code/User/globalStorage/bmd.stm32-for-vscode/@xpack-dev-tools/arm-none-eabi-gcc/13.2.1-1.1.1/.content/bin/../lib/gcc/arm-none-eabi/13.2.1/thumb/v7e-m+fp/hard\libgcc.a(_udivmoddi4.o)
                0x080044e0                __udivmoddi4
 *(.glue_7)
 .glue_7        0x0800479c        0x0 linker stubs
 *(.glue_7t)
 .glue_7t       0x0800479c        0x0 linker stubs
 *(.eh_frame)
 .eh_frame      0x0800479c        0x0 c:/Users/User/AppData/Roaming/Code/User/globalStorage/bmd.stm32-for-vscode/@xpack-dev-tools/arm-none-eabi-gcc/13.2.1-1.1.1/.content/bin/../lib/gcc/arm-none-eabi/13.2.1/thumb/v7e-m+fp/hard/crtbegin.o
 *(.init)
 .init          0x0800479c        0x4 c:/Users/User/AppData/Roaming/Code/User/globalStorage/bmd.stm32-for-vscode/@xpack-dev-tools/arm-none-eabi-gcc/13.2.1-1.1.1/.content/bin/../lib/gcc/arm-none-eabi/13.2.1/thumb/v7e-m+fp/hard/crti.o
                0x0800479c                _init
 .init          0x080047a0        0x8 c:/Users/User/AppData/Roaming/Code/User/globalStorage/bmd.stm32-for-vscode/@xpack-dev-tools/arm-none-eabi-gcc/13.2.1-1.1.1/.content/bin/../lib/gcc/arm-none-eabi/13.2.1/thumb/v7e-m+fp/hard/crtn.o
 *(.fini)
 .fini          0x080047a8        0x4 c:/Users/User/AppData/Roaming/Code/User/globalStorage/bmd.stm32-for-vscode/@xpack-dev-tools/arm-none-eabi-gcc/13.2.1-1.1.1/.content/bin/../lib/gcc/arm-none-eabi/13.2.1/thumb/v7e-m+fp/hard/crti.o
                0x080047a8                _fini
 .fini          0x080047ac        0x8 c:/Users/User/AppData/Roaming/Code/User/globalStorage/bmd.stm32-for-vscode/@xpack-dev-tools/arm-none-eabi-gcc/13.2.1-1.1.1/.content/bin/../lib/gcc/arm-none-eabi/13.2.1/thumb/v7e-m+fp/hard/crtn.o
                0x080047b4                        . = ALIGN (0x4)
                0x080047b4                        _etext = .

.vfp11_veneer   0x080047b4        0x0
 .vfp11_veneer  0x080047b4        0x0 linker stubs

.v4_bx          0x080047b4        0x0
 .v4_bx         0x080047b4        0x0 linker stubs

.iplt           0x080047b4        0x0
 .iplt          0x080047b4        0x0 c:/Users/User/AppData/Roaming/Code/User/globalStorage/bmd.stm32-for-vscode/@xpack-dev-tools/arm-none-eabi-gcc/13.2.1-1.1.1/.content/bin/../lib/gcc/arm-none-eabi/13.2.1/thumb/v7e-m+fp/hard/crtbegin.o

.rodata         0x080047b4       0x60
                0x080047b4                        . = ALIGN (0x4)
 *(.rodata)
 *(.rodata*)
 .rodata.APBPrescTable
                0x080047b4        0x8 build/system_stm32f4xx.o
                0x080047b4                APBPrescTable
 .rodata.AHBPrescTable
                0x080047bc       0x10 build/system_stm32f4xx.o
                0x080047bc                AHBPrescTable
 .rodata.USBD_FS_ProductStrDescriptor.str1.4
                0x080047cc       0x46 build/usbd_desc.o
                                 0x16 (size before relaxing)
 .rodata.USBD_FS_ManufacturerStrDescriptor.str1.4
                0x08004812       0x13 build/usbd_desc.o
 .rodata.USBD_FS_ConfigStrDescriptor.str1.4
                0x08004812        0xb build/usbd_desc.o
 .rodata.USBD_FS_InterfaceStrDescriptor.str1.4
                0x08004812        0xe build/usbd_desc.o
                0x08004828                        . = ALIGN (0x4)
 *fill*         0x08004812        0x2 

.ARM.extab      0x08004814        0x0
                0x08004814                        . = ALIGN (0x4)
 *(.ARM.extab* .gnu.linkonce.armextab.*)
                0x08004814                        . = ALIGN (0x4)

.ARM            0x08004814        0x8
                0x08004814                        . = ALIGN (0x4)
                0x08004814                        __exidx_start = .
 *(.ARM.exidx*)
 .ARM.exidx.text.__udivmoddi4
                0x08004814        0x8 c:/Users/User/AppData/Roaming/Code/User/globalStorage/bmd.stm32-for-vscode/@xpack-dev-tools/arm-none-eabi-gcc/13.2.1-1.1.1/.content/bin/../lib/gcc/arm-none-eabi/13.2.1/thumb/v7e-m+fp/hard\libgcc.a(_udivmoddi4.o)
                0x0800481c                        __exidx_end = .
                0x0800481c                        . = ALIGN (0x4)

.rel.dyn        0x0800481c        0x0
 .rel.iplt      0x0800481c        0x0 c:/Users/User/AppData/Roaming/Code/User/globalStorage/bmd.stm32-for-vscode/@xpack-dev-tools/arm-none-eabi-gcc/13.2.1-1.1.1/.content/bin/../lib/gcc/arm-none-eabi/13.2.1/thumb/v7e-m+fp/hard/crtbegin.o

.preinit_array  0x0800481c        0x0
                0x0800481c                        . = ALIGN (0x4)
                0x0800481c                        PROVIDE (__preinit_array_start = .)
 *(.preinit_array*)
                0x0800481c                        PROVIDE (__preinit_array_end = .)
                0x0800481c                        . = ALIGN (0x4)

.init_array     0x0800481c        0x4
                0x0800481c                        . = ALIGN (0x4)
                0x0800481c                        PROVIDE (__init_array_start = .)
 *(SORT_BY_NAME(.init_array.*))
 *(.init_array*)
 .init_array    0x0800481c        0x4 c:/Users/User/AppData/Roaming/Code/User/globalStorage/bmd.stm32-for-vscode/@xpack-dev-tools/arm-none-eabi-gcc/13.2.1-1.1.1/.content/bin/../lib/gcc/arm-none-eabi/13.2.1/thumb/v7e-m+fp/hard/crtbegin.o
                0x08004820                        PROVIDE (__init_array_end = .)
                0x08004820                        . = ALIGN (0x4)

.fini_array     0x08004820        0x4
                0x08004820                        . = ALIGN (0x4)
                0x08004820                        PROVIDE (__fini_array_start = .)
 *(SORT_BY_NAME(.fini_array.*))
 *(.fini_array*)
 .fini_array    0x08004820        0x4 c:/Users/User/AppData/Roaming/Code/User/globalStorage/bmd.stm32-for-vscode/@xpack-dev-tools/arm-none-eabi-gcc/13.2.1-1.1.1/.content/bin/../lib/gcc/arm-none-eabi/13.2.1/thumb/v7e-m+fp/hard/crtbegin.o
                0x08004824                        PROVIDE (__fini_array_end = .)
                0x08004824                        . = ALIGN (0x4)
                0x08004824                        _sidata = LOADADDR (.data)

.data           0x20000000       0xf8 load address 0x08004824
                0x20000000                        . = ALIGN (0x4)
                0x20000000                        _sdata = .
 *(.data)
 *(.data*)
 .data.SystemCoreClock
                0x20000000        0x4 build/system_stm32f4xx.o
                0x20000000                SystemCoreClock
 .data.uwTickFreq
                0x20000004        0x1 build/stm32f4xx_hal.o
                0x20000004                uwTickFreq
 *fill*         0x20000005        0x3 
 .data.uwTickPrio
                0x20000008        0x4 build/stm32f4xx_hal.o
                0x20000008                uwTickPrio
 .data.USBD_CDC_CfgDesc
                0x2000000c       0x43 build/usbd_cdc.o
 *fill*         0x2000004f        0x1 
 .data.USBD_CDC
                0x20000050       0x38 build/usbd_cdc.o
                0x20000050                USBD_CDC
 .data.USBD_CDC_DeviceQualifierDesc
                0x20000088        0xa build/usbd_cdc.o
 *fill*         0x20000092        0x2 
 .data.USBD_Interface_fops_FS
                0x20000094       0x14 build/usbd_cdc_if.o
                0x20000094                USBD_Interface_fops_FS
 .data.USBD_StringSerial
                0x200000a8       0x1a build/usbd_desc.o
                0x200000a8                USBD_StringSerial
 *fill*         0x200000c2        0x2 
 .data.USBD_LangIDDesc
                0x200000c4        0x4 build/usbd_desc.o
                0x200000c4                USBD_LangIDDesc
 .data.USBD_FS_DeviceDesc
                0x200000c8       0x12 build/usbd_desc.o
                0x200000c8                USBD_FS_DeviceDesc
 *fill*         0x200000da        0x2 
 .data.FS_Desc  0x200000dc       0x1c build/usbd_desc.o
                0x200000dc                FS_Desc
 *(.RamFunc)
 *(.RamFunc*)
                0x200000f8                        . = ALIGN (0x4)
                0x200000f8                        _edata = .

.igot.plt       0x200000f8        0x0 load address 0x0800491c
 .igot.plt      0x200000f8        0x0 c:/Users/User/AppData/Roaming/Code/User/globalStorage/bmd.stm32-for-vscode/@xpack-dev-tools/arm-none-eabi-gcc/13.2.1-1.1.1/.content/bin/../lib/gcc/arm-none-eabi/13.2.1/thumb/v7e-m+fp/hard/crtbegin.o
                0x200000f8                        . = ALIGN (0x4)

.bss            0x200000f8     0x1510 load address 0x0800491c
                0x200000f8                        _sbss = .
                0x200000f8                        __bss_start__ = _sbss
 *(.bss)
 *(.bss*)
 .bss.completed.1
                0x200000f8        0x1 c:/Users/User/AppData/Roaming/Code/User/globalStorage/bmd.stm32-for-vscode/@xpack-dev-tools/arm-none-eabi-gcc/13.2.1-1.1.1/.content/bin/../lib/gcc/arm-none-eabi/13.2.1/thumb/v7e-m+fp/hard/crtbegin.o
 *fill*         0x200000f9        0x3 
 .bss.object.0  0x200000fc       0x18 c:/Users/User/AppData/Roaming/Code/User/globalStorage/bmd.stm32-for-vscode/@xpack-dev-tools/arm-none-eabi-gcc/13.2.1-1.1.1/.content/bin/../lib/gcc/arm-none-eabi/13.2.1/thumb/v7e-m+fp/hard/crtbegin.o
 .bss.htim11    0x20000114       0x48 build/main.o
                0x20000114                htim11
 .bss.htim10    0x2000015c       0x48 build/main.o
                0x2000015c                htim10
 .bss.hi2c1     0x200001a4       0x54 build/main.o
                0x200001a4                hi2c1
 .bss.uwTick    0x200001f8        0x4 build/stm32f4xx_hal.o
                0x200001f8                uwTick
 .bss.cfgidx.0  0x200001fc        0x1 build/usbd_ctlreq.o
 *fill*         0x200001fd        0x3 
 .bss.hUsbDeviceFS
                0x20000200      0x2dc build/usb_device.o
                0x20000200                hUsbDeviceFS
 .bss.UserTxBufferFS
                0x200004dc      0x400 build/usbd_cdc_if.o
                0x200004dc                UserTxBufferFS
 .bss.UserRxBufferFS
                0x200008dc      0x400 build/usbd_cdc_if.o
                0x200008dc                UserRxBufferFS
 .bss.USBD_StrDesc
                0x20000cdc      0x200 build/usbd_desc.o
                0x20000cdc                USBD_StrDesc
 .bss.mem.0     0x20000edc      0x220 build/usbd_conf.o
 .bss.hpcd_USB_OTG_FS
                0x200010fc      0x50c build/usbd_conf.o
                0x200010fc                hpcd_USB_OTG_FS
 *(COMMON)
                0x20001608                        . = ALIGN (0x4)
                0x20001608                        _ebss = .
                0x20001608                        __bss_end__ = _ebss

._user_heap_stack
                0x20001608      0x600 load address 0x0800491c
                0x20001608                        . = ALIGN (0x8)
                [!provide]                        PROVIDE (end = .)
                0x20001608                        PROVIDE (_end = .)
                0x20001808                        . = (. + _Min_Heap_Size)
 *fill*         0x20001608      0x200 
                0x20001c08                        . = (. + _Min_Stack_Size)
 *fill*         0x20001808      0x400 
                0x20001c08                        . = ALIGN (0x8)

/DISCARD/
 libc.a(*)
 libm.a(*)
 libgcc.a(*)

.ARM.attributes
                0x00000000       0x30
 *(.ARM.attributes)
 .ARM.attributes
                0x00000000       0x22 c:/Users/User/AppData/Roaming/Code/User/globalStorage/bmd.stm32-for-vscode/@xpack-dev-tools/arm-none-eabi-gcc/13.2.1-1.1.1/.content/bin/../lib/gcc/arm-none-eabi/13.2.1/thumb/v7e-m+fp/hard/crti.o
 .ARM.attributes
                0x00000022       0x34 c:/Users/User/AppData/Roaming/Code/User/globalStorage/bmd.stm32-for-vscode/@xpack-dev-tools/arm-none-eabi-gcc/13.2.1-1.1.1/.content/bin/../lib/gcc/arm-none-eabi/13.2.1/thumb/v7e-m+fp/hard/crtbegin.o
 .ARM.attributes
                0x00000056       0x34 build/led.o
 .ARM.attributes
                0x0000008a       0x34 build/main.o
 .ARM.attributes
                0x000000be       0x34 build/stm32f4xx_hal_msp.o
 .ARM.attributes
                0x000000f2       0x34 build/stm32f4xx_it.o
 .ARM.attributes
                0x00000126       0x34 build/system_stm32f4xx.o
 .ARM.attributes
                0x0000015a       0x34 build/stm32f4xx_hal.o
 .ARM.attributes
                0x0000018e       0x34 build/stm32f4xx_hal_cortex.o
 .ARM.attributes
                0x000001c2       0x34 build/stm32f4xx_hal_gpio.o
 .ARM.attributes
                0x000001f6       0x34 build/stm32f4xx_hal_i2c.o
 .ARM.attributes
                0x0000022a       0x34 build/stm32f4xx_hal_pcd.o
 .ARM.attributes
                0x0000025e       0x34 build/stm32f4xx_hal_pcd_ex.o
 .ARM.attributes
                0x00000292       0x34 build/stm32f4xx_hal_rcc.o
 .ARM.attributes
                0x000002c6       0x34 build/stm32f4xx_hal_tim.o
 .ARM.attributes
                0x000002fa       0x34 build/stm32f4xx_hal_tim_ex.o
 .ARM.attributes
                0x0000032e       0x34 build/stm32f4xx_ll_usb.o
 .ARM.attributes
                0x00000362       0x34 build/usbd_cdc.o
 .ARM.attributes
                0x00000396       0x34 build/usbd_core.o
 .ARM.attributes
                0x000003ca       0x34 build/usbd_ctlreq.o
 .ARM.attributes
                0x000003fe       0x34 build/usbd_ioreq.o
 .ARM.attributes
                0x00000432       0x34 build/usb_device.o
 .ARM.attributes
                0x00000466       0x34 build/usbd_cdc_if.o
 .ARM.attributes
                0x0000049a       0x34 build/usbd_desc.o
 .ARM.attributes
                0x000004ce       0x34 build/usbd_conf.o
 .ARM.attributes
                0x00000502       0x21 build/startup_stm32f401xc.o
 .ARM.attributes
                0x00000523       0x34 c:/Users/User/AppData/Roaming/Code/User/globalStorage/bmd.stm32-for-vscode/@xpack-dev-tools/arm-none-eabi-gcc/13.2.1-1.1.1/.content/bin/../lib/gcc/arm-none-eabi/13.2.1/../../../../arm-none-eabi/lib/thumb/v7e-m+fp/hard\libc_nano.a(libc_a-memset.o)
 .ARM.attributes
                0x00000557       0x34 c:/Users/User/AppData/Roaming/Code/User/globalStorage/bmd.stm32-for-vscode/@xpack-dev-tools/arm-none-eabi-gcc/13.2.1-1.1.1/.content/bin/../lib/gcc/arm-none-eabi/13.2.1/../../../../arm-none-eabi/lib/thumb/v7e-m+fp/hard\libc_nano.a(libc_a-init.o)
 .ARM.attributes
                0x0000058b       0x22 c:/Users/User/AppData/Roaming/Code/User/globalStorage/bmd.stm32-for-vscode/@xpack-dev-tools/arm-none-eabi-gcc/13.2.1-1.1.1/.content/bin/../lib/gcc/arm-none-eabi/13.2.1/thumb/v7e-m+fp/hard\libgcc.a(_aeabi_uldivmod.o)
 .ARM.attributes
                0x000005ad       0x34 c:/Users/User/AppData/Roaming/Code/User/globalStorage/bmd.stm32-for-vscode/@xpack-dev-tools/arm-none-eabi-gcc/13.2.1-1.1.1/.content/bin/../lib/gcc/arm-none-eabi/13.2.1/thumb/v7e-m+fp/hard\libgcc.a(_udivmoddi4.o)
 .ARM.attributes
                0x000005e1       0x22 c:/Users/User/AppData/Roaming/Code/User/globalStorage/bmd.stm32-for-vscode/@xpack-dev-tools/arm-none-eabi-gcc/13.2.1-1.1.1/.content/bin/../lib/gcc/arm-none-eabi/13.2.1/thumb/v7e-m+fp/hard\libgcc.a(_dvmd_tls.o)
 .ARM.attributes
                0x00000603       0x22 c:/Users/User/AppData/Roaming/Code/User/globalStorage/bmd.stm32-for-vscode/@xpack-dev-tools/arm-none-eabi-gcc/13.2.1-1.1.1/.content/bin/../lib/gcc/arm-none-eabi/13.2.1/thumb/v7e-m+fp/hard/crtn.o
OUTPUT(build/ad7422_conversion.elf elf32-littlearm)
LOAD linker stubs
LOAD c:/Users/User/AppData/Roaming/Code/User/globalStorage/bmd.stm32-for-vscode/@xpack-dev-tools/arm-none-eabi-gcc/13.2.1-1.1.1/.content/bin/../lib/gcc/arm-none-eabi/13.2.1/../../../../arm-none-eabi/lib/thumb/v7e-m+fp/hard\libc.a
LOAD c:/Users/User/AppData/Roaming/Code/User/globalStorage/bmd.stm32-for-vscode/@xpack-dev-tools/arm-none-eabi-gcc/13.2.1-1.1.1/.content/bin/../lib/gcc/arm-none-eabi/13.2.1/../../../../arm-none-eabi/lib/thumb/v7e-m+fp/hard\libm.a
LOAD c:/Users/User/AppData/Roaming/Code/User/globalStorage/bmd.stm32-for-vscode/@xpack-dev-tools/arm-none-eabi-gcc/13.2.1-1.1.1/.content/bin/../lib/gcc/arm-none-eabi/13.2.1/thumb/v7e-m+fp/hard\libgcc.a

.comment        0x00000000       0x39
 .comment       0x00000000       0x39 c:/Users/User/AppData/Roaming/Code/User/globalStorage/bmd.stm32-for-vscode/@xpack-dev-tools/arm-none-eabi-gcc/13.2.1-1.1.1/.content/bin/../lib/gcc/arm-none-eabi/13.2.1/thumb/v7e-m+fp/hard/crtbegin.o
                                 0x3a (size before relaxing)
 .comment       0x00000039       0x3a build/led.o
 .comment       0x00000039       0x3a build/main.o
 .comment       0x00000039       0x3a build/stm32f4xx_hal_msp.o
 .comment       0x00000039       0x3a build/stm32f4xx_it.o
 .comment       0x00000039       0x3a build/system_stm32f4xx.o
 .comment       0x00000039       0x3a build/stm32f4xx_hal.o
 .comment       0x00000039       0x3a build/stm32f4xx_hal_cortex.o
 .comment       0x00000039       0x3a build/stm32f4xx_hal_gpio.o
 .comment       0x00000039       0x3a build/stm32f4xx_hal_i2c.o
 .comment       0x00000039       0x3a build/stm32f4xx_hal_pcd.o
 .comment       0x00000039       0x3a build/stm32f4xx_hal_pcd_ex.o
 .comment       0x00000039       0x3a build/stm32f4xx_hal_rcc.o
 .comment       0x00000039       0x3a build/stm32f4xx_hal_tim.o
 .comment       0x00000039       0x3a build/stm32f4xx_hal_tim_ex.o
 .comment       0x00000039       0x3a build/stm32f4xx_ll_usb.o
 .comment       0x00000039       0x3a build/usbd_cdc.o
 .comment       0x00000039       0x3a build/usbd_core.o
 .comment       0x00000039       0x3a build/usbd_ctlreq.o
 .comment       0x00000039       0x3a build/usbd_ioreq.o
 .comment       0x00000039       0x3a build/usb_device.o
 .comment       0x00000039       0x3a build/usbd_cdc_if.o
 .comment       0x00000039       0x3a build/usbd_desc.o
 .comment       0x00000039       0x3a build/usbd_conf.o
 .comment       0x00000039       0x3a c:/Users/User/AppData/Roaming/Code/User/globalStorage/bmd.stm32-for-vscode/@xpack-dev-tools/arm-none-eabi-gcc/13.2.1-1.1.1/.content/bin/../lib/gcc/arm-none-eabi/13.2.1/../../../../arm-none-eabi/lib/thumb/v7e-m+fp/hard\libc_nano.a(libc_a-memset.o)
 .comment       0x00000039       0x3a c:/Users/User/AppData/Roaming/Code/User/globalStorage/bmd.stm32-for-vscode/@xpack-dev-tools/arm-none-eabi-gcc/13.2.1-1.1.1/.content/bin/../lib/gcc/arm-none-eabi/13.2.1/../../../../arm-none-eabi/lib/thumb/v7e-m+fp/hard\libc_nano.a(libc_a-init.o)
 .comment       0x00000039       0x3a c:/Users/User/AppData/Roaming/Code/User/globalStorage/bmd.stm32-for-vscode/@xpack-dev-tools/arm-none-eabi-gcc/13.2.1-1.1.1/.content/bin/../lib/gcc/arm-none-eabi/13.2.1/thumb/v7e-m+fp/hard\libgcc.a(_udivmoddi4.o)

.debug_info     0x00000000    0x1b5c9
 .debug_info    0x00000000      0x294 build/led.o
 .debug_info    0x00000294     0x120d build/main.o
 .debug_info    0x000014a1     0x1013 build/stm32f4xx_hal_msp.o
 .debug_info    0x000024b4      0xbf2 build/stm32f4xx_it.o
 .debug_info    0x000030a6      0x553 build/system_stm32f4xx.o
 .debug_info    0x000035f9      0x959 build/stm32f4xx_hal.o
 .debug_info    0x00003f52      0xf13 build/stm32f4xx_hal_cortex.o
 .debug_info    0x00004e65      0x73a build/stm32f4xx_hal_gpio.o
 .debug_info    0x0000559f     0x37d9 build/stm32f4xx_hal_i2c.o
 .debug_info    0x00008d78     0x1c15 build/stm32f4xx_hal_pcd.o
 .debug_info    0x0000a98d      0x6e1 build/stm32f4xx_hal_pcd_ex.o
 .debug_info    0x0000b06e      0xab1 build/stm32f4xx_hal_rcc.o
 .debug_info    0x0000bb1f     0x3bd2 build/stm32f4xx_hal_tim.o
 .debug_info    0x0000f6f1     0x1ab8 build/stm32f4xx_hal_tim_ex.o
 .debug_info    0x000111a9     0x1deb build/stm32f4xx_ll_usb.o
 .debug_info    0x00012f94     0x175b build/usbd_cdc.o
 .debug_info    0x000146ef     0x124c build/usbd_core.o
 .debug_info    0x0001593b     0x1426 build/usbd_ctlreq.o
 .debug_info    0x00016d61      0x8e9 build/usbd_ioreq.o
 .debug_info    0x0001764a      0x783 build/usb_device.o
 .debug_info    0x00017dcd      0x9b4 build/usbd_cdc_if.o
 .debug_info    0x00018781      0x5dd build/usbd_desc.o
 .debug_info    0x00018d5e     0x20d8 build/usbd_conf.o
 .debug_info    0x0001ae36       0x30 build/startup_stm32f401xc.o
 .debug_info    0x0001ae66       0x24 c:/Users/User/AppData/Roaming/Code/User/globalStorage/bmd.stm32-for-vscode/@xpack-dev-tools/arm-none-eabi-gcc/13.2.1-1.1.1/.content/bin/../lib/gcc/arm-none-eabi/13.2.1/thumb/v7e-m+fp/hard\libgcc.a(_aeabi_uldivmod.o)
 .debug_info    0x0001ae8a      0x703 c:/Users/User/AppData/Roaming/Code/User/globalStorage/bmd.stm32-for-vscode/@xpack-dev-tools/arm-none-eabi-gcc/13.2.1-1.1.1/.content/bin/../lib/gcc/arm-none-eabi/13.2.1/thumb/v7e-m+fp/hard\libgcc.a(_udivmoddi4.o)
 .debug_info    0x0001b58d       0x3c c:/Users/User/AppData/Roaming/Code/User/globalStorage/bmd.stm32-for-vscode/@xpack-dev-tools/arm-none-eabi-gcc/13.2.1-1.1.1/.content/bin/../lib/gcc/arm-none-eabi/13.2.1/thumb/v7e-m+fp/hard\libgcc.a(_dvmd_tls.o)

.debug_abbrev   0x00000000     0x3a8b
 .debug_abbrev  0x00000000      0x173 build/led.o
 .debug_abbrev  0x00000173      0x2de build/main.o
 .debug_abbrev  0x00000451      0x1f4 build/stm32f4xx_hal_msp.o
 .debug_abbrev  0x00000645      0x1f2 build/stm32f4xx_it.o
 .debug_abbrev  0x00000837      0x11e build/system_stm32f4xx.o
 .debug_abbrev  0x00000955      0x277 build/stm32f4xx_hal.o
 .debug_abbrev  0x00000bcc      0x39b build/stm32f4xx_hal_cortex.o
 .debug_abbrev  0x00000f67      0x201 build/stm32f4xx_hal_gpio.o
 .debug_abbrev  0x00001168      0x2d2 build/stm32f4xx_hal_i2c.o
 .debug_abbrev  0x0000143a      0x2ef build/stm32f4xx_hal_pcd.o
 .debug_abbrev  0x00001729      0x1f3 build/stm32f4xx_hal_pcd_ex.o
 .debug_abbrev  0x0000191c      0x2c5 build/stm32f4xx_hal_rcc.o
 .debug_abbrev  0x00001be1      0x27d build/stm32f4xx_hal_tim.o
 .debug_abbrev  0x00001e5e      0x27b build/stm32f4xx_hal_tim_ex.o
 .debug_abbrev  0x000020d9      0x322 build/stm32f4xx_ll_usb.o
 .debug_abbrev  0x000023fb      0x33d build/usbd_cdc.o
 .debug_abbrev  0x00002738      0x2f8 build/usbd_core.o
 .debug_abbrev  0x00002a30      0x342 build/usbd_ctlreq.o
 .debug_abbrev  0x00002d72      0x1b0 build/usbd_ioreq.o
 .debug_abbrev  0x00002f22      0x1b0 build/usb_device.o
 .debug_abbrev  0x000030d2      0x2ca build/usbd_cdc_if.o
 .debug_abbrev  0x0000339c      0x1ec build/usbd_desc.o
 .debug_abbrev  0x00003588      0x33b build/usbd_conf.o
 .debug_abbrev  0x000038c3       0x24 build/startup_stm32f401xc.o
 .debug_abbrev  0x000038e7       0x14 c:/Users/User/AppData/Roaming/Code/User/globalStorage/bmd.stm32-for-vscode/@xpack-dev-tools/arm-none-eabi-gcc/13.2.1-1.1.1/.content/bin/../lib/gcc/arm-none-eabi/13.2.1/thumb/v7e-m+fp/hard\libgcc.a(_aeabi_uldivmod.o)
 .debug_abbrev  0x000038fb      0x16a c:/Users/User/AppData/Roaming/Code/User/globalStorage/bmd.stm32-for-vscode/@xpack-dev-tools/arm-none-eabi-gcc/13.2.1-1.1.1/.content/bin/../lib/gcc/arm-none-eabi/13.2.1/thumb/v7e-m+fp/hard\libgcc.a(_udivmoddi4.o)
 .debug_abbrev  0x00003a65       0x26 c:/Users/User/AppData/Roaming/Code/User/globalStorage/bmd.stm32-for-vscode/@xpack-dev-tools/arm-none-eabi-gcc/13.2.1-1.1.1/.content/bin/../lib/gcc/arm-none-eabi/13.2.1/thumb/v7e-m+fp/hard\libgcc.a(_dvmd_tls.o)

.debug_loclists
                0x00000000     0xf06f
 .debug_loclists
                0x00000000       0x35 build/led.o
 .debug_loclists
                0x00000035       0x28 build/main.o
 .debug_loclists
                0x0000005d       0xf3 build/stm32f4xx_hal_msp.o
 .debug_loclists
                0x00000150       0xfa build/system_stm32f4xx.o
 .debug_loclists
                0x0000024a       0xe1 build/stm32f4xx_hal.o
 .debug_loclists
                0x0000032b      0x54d build/stm32f4xx_hal_cortex.o
 .debug_loclists
                0x00000878      0x386 build/stm32f4xx_hal_gpio.o
 .debug_loclists
                0x00000bfe     0x31cf build/stm32f4xx_hal_i2c.o
 .debug_loclists
                0x00003dcd      0xe89 build/stm32f4xx_hal_pcd.o
 .debug_loclists
                0x00004c56       0xb3 build/stm32f4xx_hal_pcd_ex.o
 .debug_loclists
                0x00004d09      0x3e5 build/stm32f4xx_hal_rcc.o
 .debug_loclists
                0x000050ee     0x37bd build/stm32f4xx_hal_tim.o
 .debug_loclists
                0x000088ab     0x1391 build/stm32f4xx_hal_tim_ex.o
 .debug_loclists
                0x00009c3c     0x1a12 build/stm32f4xx_ll_usb.o
 .debug_loclists
                0x0000b64e      0x755 build/usbd_cdc.o
 .debug_loclists
                0x0000bda3      0x996 build/usbd_core.o
 .debug_loclists
                0x0000c739     0x10c1 build/usbd_ctlreq.o
 .debug_loclists
                0x0000d7fa      0x214 build/usbd_ioreq.o
 .debug_loclists
                0x0000da0e      0x10a build/usbd_cdc_if.o
 .debug_loclists
                0x0000db18      0x299 build/usbd_desc.o
 .debug_loclists
                0x0000ddb1      0x8a9 build/usbd_conf.o
 .debug_loclists
                0x0000e65a      0xa15 c:/Users/User/AppData/Roaming/Code/User/globalStorage/bmd.stm32-for-vscode/@xpack-dev-tools/arm-none-eabi-gcc/13.2.1-1.1.1/.content/bin/../lib/gcc/arm-none-eabi/13.2.1/thumb/v7e-m+fp/hard\libgcc.a(_udivmoddi4.o)

.debug_aranges  0x00000000     0x13a8
 .debug_aranges
                0x00000000       0x38 build/led.o
 .debug_aranges
                0x00000038       0x50 build/main.o
 .debug_aranges
                0x00000088       0x40 build/stm32f4xx_hal_msp.o
 .debug_aranges
                0x000000c8       0x78 build/stm32f4xx_it.o
 .debug_aranges
                0x00000140       0x28 build/system_stm32f4xx.o
 .debug_aranges
                0x00000168       0xf0 build/stm32f4xx_hal.o
 .debug_aranges
                0x00000258       0xd8 build/stm32f4xx_hal_cortex.o
 .debug_aranges
                0x00000330       0x58 build/stm32f4xx_hal_gpio.o
 .debug_aranges
                0x00000388      0x2a0 build/stm32f4xx_hal_i2c.o
 .debug_aranges
                0x00000628      0x148 build/stm32f4xx_hal_pcd.o
 .debug_aranges
                0x00000770       0x38 build/stm32f4xx_hal_pcd_ex.o
 .debug_aranges
                0x000007a8       0x88 build/stm32f4xx_hal_rcc.o
 .debug_aranges
                0x00000830      0x3d0 build/stm32f4xx_hal_tim.o
 .debug_aranges
                0x00000c00      0x168 build/stm32f4xx_hal_tim_ex.o
 .debug_aranges
                0x00000d68      0x1a0 build/stm32f4xx_ll_usb.o
 .debug_aranges
                0x00000f08       0x90 build/usbd_cdc.o
 .debug_aranges
                0x00000f98       0xd8 build/usbd_core.o
 .debug_aranges
                0x00001070       0x88 build/usbd_ctlreq.o
 .debug_aranges
                0x000010f8       0x50 build/usbd_ioreq.o
 .debug_aranges
                0x00001148       0x20 build/usb_device.o
 .debug_aranges
                0x00001168       0x48 build/usbd_cdc_if.o
 .debug_aranges
                0x000011b0       0x60 build/usbd_desc.o
 .debug_aranges
                0x00001210      0x110 build/usbd_conf.o
 .debug_aranges
                0x00001320       0x28 build/startup_stm32f401xc.o
 .debug_aranges
                0x00001348       0x20 c:/Users/User/AppData/Roaming/Code/User/globalStorage/bmd.stm32-for-vscode/@xpack-dev-tools/arm-none-eabi-gcc/13.2.1-1.1.1/.content/bin/../lib/gcc/arm-none-eabi/13.2.1/thumb/v7e-m+fp/hard\libgcc.a(_aeabi_uldivmod.o)
 .debug_aranges
                0x00001368       0x20 c:/Users/User/AppData/Roaming/Code/User/globalStorage/bmd.stm32-for-vscode/@xpack-dev-tools/arm-none-eabi-gcc/13.2.1-1.1.1/.content/bin/../lib/gcc/arm-none-eabi/13.2.1/thumb/v7e-m+fp/hard\libgcc.a(_udivmoddi4.o)
 .debug_aranges
                0x00001388       0x20 c:/Users/User/AppData/Roaming/Code/User/globalStorage/bmd.stm32-for-vscode/@xpack-dev-tools/arm-none-eabi-gcc/13.2.1-1.1.1/.content/bin/../lib/gcc/arm-none-eabi/13.2.1/thumb/v7e-m+fp/hard\libgcc.a(_dvmd_tls.o)

.debug_rnglists
                0x00000000      0xf43
 .debug_rnglists
                0x00000000       0x25 build/led.o
 .debug_rnglists
                0x00000025       0x39 build/main.o
 .debug_rnglists
                0x0000005e       0x2b build/stm32f4xx_hal_msp.o
 .debug_rnglists
                0x00000089       0x55 build/stm32f4xx_it.o
 .debug_rnglists
                0x000000de       0x1a build/system_stm32f4xx.o
 .debug_rnglists
                0x000000f8       0xaf build/stm32f4xx_hal.o
 .debug_rnglists
                0x000001a7       0x9d build/stm32f4xx_hal_cortex.o
 .debug_rnglists
                0x00000244       0x3f build/stm32f4xx_hal_gpio.o
 .debug_rnglists
                0x00000283      0x22f build/stm32f4xx_hal_i2c.o
 .debug_rnglists
                0x000004b2       0xf7 build/stm32f4xx_hal_pcd.o
 .debug_rnglists
                0x000005a9       0x25 build/stm32f4xx_hal_pcd_ex.o
 .debug_rnglists
                0x000005ce       0x75 build/stm32f4xx_hal_rcc.o
 .debug_rnglists
                0x00000643      0x2ff build/stm32f4xx_hal_tim.o
 .debug_rnglists
                0x00000942      0x11a build/stm32f4xx_hal_tim_ex.o
 .debug_rnglists
                0x00000a5c      0x142 build/stm32f4xx_ll_usb.o
 .debug_rnglists
                0x00000b9e       0x69 build/usbd_cdc.o
 .debug_rnglists
                0x00000c07       0x9f build/usbd_core.o
 .debug_rnglists
                0x00000ca6       0x65 build/usbd_ctlreq.o
 .debug_rnglists
                0x00000d0b       0x37 build/usbd_ioreq.o
 .debug_rnglists
                0x00000d42       0x13 build/usb_device.o
 .debug_rnglists
                0x00000d55       0x31 build/usbd_cdc_if.o
 .debug_rnglists
                0x00000d86       0x43 build/usbd_desc.o
 .debug_rnglists
                0x00000dc9       0xc8 build/usbd_conf.o
 .debug_rnglists
                0x00000e91       0x19 build/startup_stm32f401xc.o
 .debug_rnglists
                0x00000eaa       0x99 c:/Users/User/AppData/Roaming/Code/User/globalStorage/bmd.stm32-for-vscode/@xpack-dev-tools/arm-none-eabi-gcc/13.2.1-1.1.1/.content/bin/../lib/gcc/arm-none-eabi/13.2.1/thumb/v7e-m+fp/hard\libgcc.a(_udivmoddi4.o)

.debug_line     0x00000000    0x16229
 .debug_line    0x00000000      0x294 build/led.o
 .debug_line    0x00000294      0x5a1 build/main.o
 .debug_line    0x00000835      0x3d2 build/stm32f4xx_hal_msp.o
 .debug_line    0x00000c07      0x394 build/stm32f4xx_it.o
 .debug_line    0x00000f9b      0x2f4 build/system_stm32f4xx.o
 .debug_line    0x0000128f      0x60d build/stm32f4xx_hal.o
 .debug_line    0x0000189c      0x88e build/stm32f4xx_hal_cortex.o
 .debug_line    0x0000212a      0x75f build/stm32f4xx_hal_gpio.o
 .debug_line    0x00002889     0x540a build/stm32f4xx_hal_i2c.o
 .debug_line    0x00007c93     0x150f build/stm32f4xx_hal_pcd.o
 .debug_line    0x000091a2      0x346 build/stm32f4xx_hal_pcd_ex.o
 .debug_line    0x000094e8      0xc2a build/stm32f4xx_hal_rcc.o
 .debug_line    0x0000a112     0x46df build/stm32f4xx_hal_tim.o
 .debug_line    0x0000e7f1     0x1b0f build/stm32f4xx_hal_tim_ex.o
 .debug_line    0x00010300     0x1ecc build/stm32f4xx_ll_usb.o
 .debug_line    0x000121cc      0xbe1 build/usbd_cdc.o
 .debug_line    0x00012dad      0xa6c build/usbd_core.o
 .debug_line    0x00013819      0xdaa build/usbd_ctlreq.o
 .debug_line    0x000145c3      0x34c build/usbd_ioreq.o
 .debug_line    0x0001490f      0x2bf build/usb_device.o
 .debug_line    0x00014bce      0x30b build/usbd_cdc_if.o
 .debug_line    0x00014ed9      0x3da build/usbd_desc.o
 .debug_line    0x000152b3      0x8b5 build/usbd_conf.o
 .debug_line    0x00015b68       0x76 build/startup_stm32f401xc.o
 .debug_line    0x00015bde       0x4e c:/Users/User/AppData/Roaming/Code/User/globalStorage/bmd.stm32-for-vscode/@xpack-dev-tools/arm-none-eabi-gcc/13.2.1-1.1.1/.content/bin/../lib/gcc/arm-none-eabi/13.2.1/thumb/v7e-m+fp/hard\libgcc.a(_aeabi_uldivmod.o)
 .debug_line    0x00015c2c      0x5b3 c:/Users/User/AppData/Roaming/Code/User/globalStorage/bmd.stm32-for-vscode/@xpack-dev-tools/arm-none-eabi-gcc/13.2.1-1.1.1/.content/bin/../lib/gcc/arm-none-eabi/13.2.1/thumb/v7e-m+fp/hard\libgcc.a(_udivmoddi4.o)
 .debug_line    0x000161df       0x4a c:/Users/User/AppData/Roaming/Code/User/globalStorage/bmd.stm32-for-vscode/@xpack-dev-tools/arm-none-eabi-gcc/13.2.1-1.1.1/.content/bin/../lib/gcc/arm-none-eabi/13.2.1/thumb/v7e-m+fp/hard\libgcc.a(_dvmd_tls.o)

.debug_str      0x00000000     0x618a
 .debug_str     0x00000000     0x618a build/led.o
                                0x237 (size before relaxing)
 .debug_str     0x0000618a      0xd91 build/main.o
 .debug_str     0x0000618a      0xf29 build/stm32f4xx_hal_msp.o
 .debug_str     0x0000618a      0xb4f build/stm32f4xx_it.o
 .debug_str     0x0000618a      0x363 build/system_stm32f4xx.o
 .debug_str     0x0000618a      0x9f0 build/stm32f4xx_hal.o
 .debug_str     0x0000618a      0xaa6 build/stm32f4xx_hal_cortex.o
 .debug_str     0x0000618a      0x4ce build/stm32f4xx_hal_gpio.o
 .debug_str     0x0000618a     0x1011 build/stm32f4xx_hal_i2c.o
 .debug_str     0x0000618a      0xdc5 build/stm32f4xx_hal_pcd.o
 .debug_str     0x0000618a      0x702 build/stm32f4xx_hal_pcd_ex.o
 .debug_str     0x0000618a      0x6f4 build/stm32f4xx_hal_rcc.o
 .debug_str     0x0000618a     0x16cb build/stm32f4xx_hal_tim.o
 .debug_str     0x0000618a      0xee7 build/stm32f4xx_hal_tim_ex.o
 .debug_str     0x0000618a      0xc7b build/stm32f4xx_ll_usb.o
 .debug_str     0x0000618a      0xd56 build/usbd_cdc.o
 .debug_str     0x0000618a      0x9b3 build/usbd_core.o
 .debug_str     0x0000618a      0x7de build/usbd_ctlreq.o
 .debug_str     0x0000618a      0x6b3 build/usbd_ioreq.o
 .debug_str     0x0000618a      0x6a1 build/usb_device.o
 .debug_str     0x0000618a      0x76f build/usbd_cdc_if.o
 .debug_str     0x0000618a      0x43a build/usbd_desc.o
 .debug_str     0x0000618a     0x1443 build/usbd_conf.o
 .debug_str     0x0000618a       0x5a build/startup_stm32f401xc.o
 .debug_str     0x0000618a      0x120 c:/Users/User/AppData/Roaming/Code/User/globalStorage/bmd.stm32-for-vscode/@xpack-dev-tools/arm-none-eabi-gcc/13.2.1-1.1.1/.content/bin/../lib/gcc/arm-none-eabi/13.2.1/thumb/v7e-m+fp/hard\libgcc.a(_aeabi_uldivmod.o)
 .debug_str     0x0000618a      0x739 c:/Users/User/AppData/Roaming/Code/User/globalStorage/bmd.stm32-for-vscode/@xpack-dev-tools/arm-none-eabi-gcc/13.2.1-1.1.1/.content/bin/../lib/gcc/arm-none-eabi/13.2.1/thumb/v7e-m+fp/hard\libgcc.a(_udivmoddi4.o)
 .debug_str     0x0000618a      0x140 c:/Users/User/AppData/Roaming/Code/User/globalStorage/bmd.stm32-for-vscode/@xpack-dev-tools/arm-none-eabi-gcc/13.2.1-1.1.1/.content/bin/../lib/gcc/arm-none-eabi/13.2.1/thumb/v7e-m+fp/hard\libgcc.a(_dvmd_tls.o)

.debug_frame    0x00000000     0x34ec
 .debug_frame   0x00000000       0x74 build/led.o
 .debug_frame   0x00000074       0xc0 build/main.o
 .debug_frame   0x00000134       0x9c build/stm32f4xx_hal_msp.o
 .debug_frame   0x000001d0       0xf0 build/stm32f4xx_it.o
 .debug_frame   0x000002c0       0x30 build/system_stm32f4xx.o
 .debug_frame   0x000002f0      0x1ec build/stm32f4xx_hal.o
 .debug_frame   0x000004dc      0x1cc build/stm32f4xx_hal_cortex.o
 .debug_frame   0x000006a8       0xd8 build/stm32f4xx_hal_gpio.o
 .debug_frame   0x00000780      0x970 build/stm32f4xx_hal_i2c.o
 .debug_frame   0x000010f0      0x388 build/stm32f4xx_hal_pcd.o
 .debug_frame   0x00001478       0x5c build/stm32f4xx_hal_pcd_ex.o
 .debug_frame   0x000014d4      0x16c build/stm32f4xx_hal_rcc.o
 .debug_frame   0x00001640      0xb1c build/stm32f4xx_hal_tim.o
 .debug_frame   0x0000215c      0x418 build/stm32f4xx_hal_tim_ex.o
 .debug_frame   0x00002574      0x49c build/stm32f4xx_ll_usb.o
 .debug_frame   0x00002a10      0x190 build/usbd_cdc.o
 .debug_frame   0x00002ba0      0x240 build/usbd_core.o
 .debug_frame   0x00002de0      0x180 build/usbd_ctlreq.o
 .debug_frame   0x00002f60       0xb8 build/usbd_ioreq.o
 .debug_frame   0x00003018       0x28 build/usb_device.o
 .debug_frame   0x00003040       0x88 build/usbd_cdc_if.o
 .debug_frame   0x000030c8       0xe0 build/usbd_desc.o
 .debug_frame   0x000031a8      0x2e4 build/usbd_conf.o
 .debug_frame   0x0000348c       0x2c c:/Users/User/AppData/Roaming/Code/User/globalStorage/bmd.stm32-for-vscode/@xpack-dev-tools/arm-none-eabi-gcc/13.2.1-1.1.1/.content/bin/../lib/gcc/arm-none-eabi/13.2.1/thumb/v7e-m+fp/hard\libgcc.a(_aeabi_uldivmod.o)
 .debug_frame   0x000034b8       0x34 c:/Users/User/AppData/Roaming/Code/User/globalStorage/bmd.stm32-for-vscode/@xpack-dev-tools/arm-none-eabi-gcc/13.2.1-1.1.1/.content/bin/../lib/gcc/arm-none-eabi/13.2.1/thumb/v7e-m+fp/hard\libgcc.a(_udivmoddi4.o)

.debug_line_str
                0x00000000      0x15c
 .debug_line_str
                0x00000000      0x15c build/startup_stm32f401xc.o
                                 0x3e (size before relaxing)
 .debug_line_str
                0x0000015c      0x112 c:/Users/User/AppData/Roaming/Code/User/globalStorage/bmd.stm32-for-vscode/@xpack-dev-tools/arm-none-eabi-gcc/13.2.1-1.1.1/.content/bin/../lib/gcc/arm-none-eabi/13.2.1/thumb/v7e-m+fp/hard\libgcc.a(_aeabi_uldivmod.o)
 .debug_line_str
                0x0000015c      0x116 c:/Users/User/AppData/Roaming/Code/User/globalStorage/bmd.stm32-for-vscode/@xpack-dev-tools/arm-none-eabi-gcc/13.2.1-1.1.1/.content/bin/../lib/gcc/arm-none-eabi/13.2.1/thumb/v7e-m+fp/hard\libgcc.a(_dvmd_tls.o)

Cross Reference Table

Symbol                                            File
ADC_IRQHandler                                    build/startup_stm32f401xc.o
AHBPrescTable                                     build/system_stm32f4xx.o
                                                  build/stm32f4xx_hal_rcc.o
APBPrescTable                                     build/system_stm32f4xx.o
                                                  build/stm32f4xx_hal_rcc.o
BusFault_Handler                                  build/stm32f4xx_it.o
CDC_Transmit_FS                                   build/usbd_cdc_if.o
DMA1_Stream0_IRQHandler                           build/startup_stm32f401xc.o
DMA1_Stream1_IRQHandler                           build/startup_stm32f401xc.o
DMA1_Stream2_IRQHandler                           build/startup_stm32f401xc.o
DMA1_Stream3_IRQHandler                           build/startup_stm32f401xc.o
DMA1_Stream4_IRQHandler                           build/startup_stm32f401xc.o
DMA1_Stream5_IRQHandler                           build/startup_stm32f401xc.o
DMA1_Stream6_IRQHandler                           build/startup_stm32f401xc.o
DMA1_Stream7_IRQHandler                           build/startup_stm32f401xc.o
DMA2_Stream0_IRQHandler                           build/startup_stm32f401xc.o
DMA2_Stream1_IRQHandler                           build/startup_stm32f401xc.o
DMA2_Stream2_IRQHandler                           build/startup_stm32f401xc.o
DMA2_Stream3_IRQHandler                           build/startup_stm32f401xc.o
DMA2_Stream4_IRQHandler                           build/startup_stm32f401xc.o
DMA2_Stream5_IRQHandler                           build/startup_stm32f401xc.o
DMA2_Stream6_IRQHandler                           build/startup_stm32f401xc.o
DMA2_Stream7_IRQHandler                           build/startup_stm32f401xc.o
DebugMon_Handler                                  build/stm32f4xx_it.o
Default_Handler                                   build/startup_stm32f401xc.o
EXTI0_IRQHandler                                  build/startup_stm32f401xc.o
EXTI15_10_IRQHandler                              build/startup_stm32f401xc.o
EXTI1_IRQHandler                                  build/startup_stm32f401xc.o
EXTI2_IRQHandler                                  build/startup_stm32f401xc.o
EXTI3_IRQHandler                                  build/startup_stm32f401xc.o
EXTI4_IRQHandler                                  build/startup_stm32f401xc.o
EXTI9_5_IRQHandler                                build/startup_stm32f401xc.o
Error_Handler                                     build/main.o
                                                  build/usbd_conf.o
                                                  build/usb_device.o
FLASH_Erase_Sector                                build/stm32f4xx_hal_flash_ex.o
                                                  build/stm32f4xx_hal_flash.o
FLASH_FlushCaches                                 build/stm32f4xx_hal_flash_ex.o
                                                  build/stm32f4xx_hal_flash.o
FLASH_IRQHandler                                  build/startup_stm32f401xc.o
FLASH_WaitForLastOperation                        build/stm32f4xx_hal_flash.o
                                                  build/stm32f4xx_hal_flash_ex.o
FPU_IRQHandler                                    build/startup_stm32f401xc.o
FS_Desc                                           build/usbd_desc.o
                                                  build/usb_device.o
HAL_DBGMCU_DisableDBGSleepMode                    build/stm32f4xx_hal.o
HAL_DBGMCU_DisableDBGStandbyMode                  build/stm32f4xx_hal.o
HAL_DBGMCU_DisableDBGStopMode                     build/stm32f4xx_hal.o
HAL_DBGMCU_EnableDBGSleepMode                     build/stm32f4xx_hal.o
HAL_DBGMCU_EnableDBGStandbyMode                   build/stm32f4xx_hal.o
HAL_DBGMCU_EnableDBGStopMode                      build/stm32f4xx_hal.o
HAL_DMAEx_ChangeMemory                            build/stm32f4xx_hal_dma_ex.o
HAL_DMAEx_MultiBufferStart                        build/stm32f4xx_hal_dma_ex.o
HAL_DMAEx_MultiBufferStart_IT                     build/stm32f4xx_hal_dma_ex.o
HAL_DMA_Abort                                     build/stm32f4xx_hal_dma.o
HAL_DMA_Abort_IT                                  build/stm32f4xx_hal_dma.o
                                                  build/stm32f4xx_hal_tim_ex.o
                                                  build/stm32f4xx_hal_tim.o
                                                  build/stm32f4xx_hal_i2c.o
HAL_DMA_DeInit                                    build/stm32f4xx_hal_dma.o
HAL_DMA_GetError                                  build/stm32f4xx_hal_dma.o
                                                  build/stm32f4xx_hal_i2c.o
HAL_DMA_GetState                                  build/stm32f4xx_hal_dma.o
                                                  build/stm32f4xx_hal_i2c.o
HAL_DMA_IRQHandler                                build/stm32f4xx_hal_dma.o
HAL_DMA_Init                                      build/stm32f4xx_hal_dma.o
HAL_DMA_PollForTransfer                           build/stm32f4xx_hal_dma.o
HAL_DMA_RegisterCallback                          build/stm32f4xx_hal_dma.o
HAL_DMA_Start                                     build/stm32f4xx_hal_dma.o
HAL_DMA_Start_IT                                  build/stm32f4xx_hal_dma.o
                                                  build/stm32f4xx_hal_tim_ex.o
                                                  build/stm32f4xx_hal_tim.o
                                                  build/stm32f4xx_hal_i2c.o
HAL_DMA_UnRegisterCallback                        build/stm32f4xx_hal_dma.o
HAL_DeInit                                        build/stm32f4xx_hal.o
HAL_Delay                                         build/stm32f4xx_hal.o
                                                  build/usbd_conf.o
                                                  build/stm32f4xx_ll_usb.o
                                                  build/main.o
                                                  build/led.o
HAL_DisableCompensationCell                       build/stm32f4xx_hal.o
HAL_EXTI_ClearConfigLine                          build/stm32f4xx_hal_exti.o
HAL_EXTI_ClearPending                             build/stm32f4xx_hal_exti.o
HAL_EXTI_GenerateSWI                              build/stm32f4xx_hal_exti.o
HAL_EXTI_GetConfigLine                            build/stm32f4xx_hal_exti.o
HAL_EXTI_GetHandle                                build/stm32f4xx_hal_exti.o
HAL_EXTI_GetPending                               build/stm32f4xx_hal_exti.o
HAL_EXTI_IRQHandler                               build/stm32f4xx_hal_exti.o
HAL_EXTI_RegisterCallback                         build/stm32f4xx_hal_exti.o
HAL_EXTI_SetConfigLine                            build/stm32f4xx_hal_exti.o
HAL_EnableCompensationCell                        build/stm32f4xx_hal.o
HAL_FLASHEx_AdvOBGetConfig                        build/stm32f4xx_hal_flash_ex.o
HAL_FLASHEx_AdvOBProgram                          build/stm32f4xx_hal_flash_ex.o
HAL_FLASHEx_Erase                                 build/stm32f4xx_hal_flash_ex.o
HAL_FLASHEx_Erase_IT                              build/stm32f4xx_hal_flash_ex.o
HAL_FLASHEx_OBGetConfig                           build/stm32f4xx_hal_flash_ex.o
HAL_FLASHEx_OBProgram                             build/stm32f4xx_hal_flash_ex.o
HAL_FLASHEx_OB_DeSelectPCROP                      build/stm32f4xx_hal_flash_ex.o
HAL_FLASHEx_OB_SelectPCROP                        build/stm32f4xx_hal_flash_ex.o
HAL_FLASH_EndOfOperationCallback                  build/stm32f4xx_hal_flash.o
HAL_FLASH_GetError                                build/stm32f4xx_hal_flash.o
HAL_FLASH_IRQHandler                              build/stm32f4xx_hal_flash.o
HAL_FLASH_Lock                                    build/stm32f4xx_hal_flash.o
HAL_FLASH_OB_Launch                               build/stm32f4xx_hal_flash.o
HAL_FLASH_OB_Lock                                 build/stm32f4xx_hal_flash.o
HAL_FLASH_OB_Unlock                               build/stm32f4xx_hal_flash.o
HAL_FLASH_OperationErrorCallback                  build/stm32f4xx_hal_flash.o
HAL_FLASH_Program                                 build/stm32f4xx_hal_flash.o
HAL_FLASH_Program_IT                              build/stm32f4xx_hal_flash.o
HAL_FLASH_Unlock                                  build/stm32f4xx_hal_flash.o
HAL_GPIO_DeInit                                   build/stm32f4xx_hal_gpio.o
                                                  build/usbd_conf.o
                                                  build/stm32f4xx_hal_msp.o
HAL_GPIO_EXTI_Callback                            build/stm32f4xx_hal_gpio.o
HAL_GPIO_EXTI_IRQHandler                          build/stm32f4xx_hal_gpio.o
HAL_GPIO_Init                                     build/stm32f4xx_hal_gpio.o
                                                  build/usbd_conf.o
                                                  build/stm32f4xx_hal_rcc.o
                                                  build/stm32f4xx_hal_msp.o
                                                  build/main.o
HAL_GPIO_LockPin                                  build/stm32f4xx_hal_gpio.o
HAL_GPIO_ReadPin                                  build/stm32f4xx_hal_gpio.o
HAL_GPIO_TogglePin                                build/stm32f4xx_hal_gpio.o
HAL_GPIO_WritePin                                 build/stm32f4xx_hal_gpio.o
                                                  build/main.o
                                                  build/led.o
HAL_GetDEVID                                      build/stm32f4xx_hal.o
HAL_GetHalVersion                                 build/stm32f4xx_hal.o
HAL_GetREVID                                      build/stm32f4xx_hal.o
HAL_GetTick                                       build/stm32f4xx_hal.o
                                                  build/stm32f4xx_hal_rcc_ex.o
                                                  build/stm32f4xx_hal_rcc.o
                                                  build/stm32f4xx_hal_pwr_ex.o
                                                  build/stm32f4xx_hal_i2c.o
                                                  build/stm32f4xx_hal_flash.o
                                                  build/stm32f4xx_hal_dma.o
HAL_GetTickFreq                                   build/stm32f4xx_hal.o
HAL_GetTickPrio                                   build/stm32f4xx_hal.o
HAL_GetUIDw0                                      build/stm32f4xx_hal.o
HAL_GetUIDw1                                      build/stm32f4xx_hal.o
HAL_GetUIDw2                                      build/stm32f4xx_hal.o
HAL_I2CEx_ConfigAnalogFilter                      build/stm32f4xx_hal_i2c_ex.o
HAL_I2CEx_ConfigDigitalFilter                     build/stm32f4xx_hal_i2c_ex.o
HAL_I2C_AbortCpltCallback                         build/stm32f4xx_hal_i2c.o
HAL_I2C_AddrCallback                              build/stm32f4xx_hal_i2c.o
HAL_I2C_DeInit                                    build/stm32f4xx_hal_i2c.o
HAL_I2C_DisableListen_IT                          build/stm32f4xx_hal_i2c.o
HAL_I2C_ER_IRQHandler                             build/stm32f4xx_hal_i2c.o
HAL_I2C_EV_IRQHandler                             build/stm32f4xx_hal_i2c.o
HAL_I2C_EnableListen_IT                           build/stm32f4xx_hal_i2c.o
HAL_I2C_ErrorCallback                             build/stm32f4xx_hal_i2c.o
HAL_I2C_GetError                                  build/stm32f4xx_hal_i2c.o
HAL_I2C_GetMode                                   build/stm32f4xx_hal_i2c.o
HAL_I2C_GetState                                  build/stm32f4xx_hal_i2c.o
HAL_I2C_Init                                      build/stm32f4xx_hal_i2c.o
                                                  build/main.o
HAL_I2C_IsDeviceReady                             build/stm32f4xx_hal_i2c.o
                                                  build/main.o
HAL_I2C_ListenCpltCallback                        build/stm32f4xx_hal_i2c.o
HAL_I2C_MasterRxCpltCallback                      build/stm32f4xx_hal_i2c.o
HAL_I2C_MasterTxCpltCallback                      build/stm32f4xx_hal_i2c.o
HAL_I2C_Master_Abort_IT                           build/stm32f4xx_hal_i2c.o
HAL_I2C_Master_Receive                            build/stm32f4xx_hal_i2c.o
HAL_I2C_Master_Receive_DMA                        build/stm32f4xx_hal_i2c.o
HAL_I2C_Master_Receive_IT                         build/stm32f4xx_hal_i2c.o
HAL_I2C_Master_Seq_Receive_DMA                    build/stm32f4xx_hal_i2c.o
HAL_I2C_Master_Seq_Receive_IT                     build/stm32f4xx_hal_i2c.o
HAL_I2C_Master_Seq_Transmit_DMA                   build/stm32f4xx_hal_i2c.o
HAL_I2C_Master_Seq_Transmit_IT                    build/stm32f4xx_hal_i2c.o
HAL_I2C_Master_Transmit                           build/stm32f4xx_hal_i2c.o
HAL_I2C_Master_Transmit_DMA                       build/stm32f4xx_hal_i2c.o
HAL_I2C_Master_Transmit_IT                        build/stm32f4xx_hal_i2c.o
HAL_I2C_MemRxCpltCallback                         build/stm32f4xx_hal_i2c.o
HAL_I2C_MemTxCpltCallback                         build/stm32f4xx_hal_i2c.o
HAL_I2C_Mem_Read                                  build/stm32f4xx_hal_i2c.o
HAL_I2C_Mem_Read_DMA                              build/stm32f4xx_hal_i2c.o
HAL_I2C_Mem_Read_IT                               build/stm32f4xx_hal_i2c.o
HAL_I2C_Mem_Write                                 build/stm32f4xx_hal_i2c.o
HAL_I2C_Mem_Write_DMA                             build/stm32f4xx_hal_i2c.o
HAL_I2C_Mem_Write_IT                              build/stm32f4xx_hal_i2c.o
HAL_I2C_MspDeInit                                 build/stm32f4xx_hal_msp.o
HAL_I2C_MspInit                                   build/stm32f4xx_hal_msp.o
HAL_I2C_SlaveRxCpltCallback                       build/stm32f4xx_hal_i2c.o
HAL_I2C_SlaveTxCpltCallback                       build/stm32f4xx_hal_i2c.o
HAL_I2C_Slave_Receive                             build/stm32f4xx_hal_i2c.o
HAL_I2C_Slave_Receive_DMA                         build/stm32f4xx_hal_i2c.o
HAL_I2C_Slave_Receive_IT                          build/stm32f4xx_hal_i2c.o
HAL_I2C_Slave_Seq_Receive_DMA                     build/stm32f4xx_hal_i2c.o
HAL_I2C_Slave_Seq_Receive_IT                      build/stm32f4xx_hal_i2c.o
HAL_I2C_Slave_Seq_Transmit_DMA                    build/stm32f4xx_hal_i2c.o
HAL_I2C_Slave_Seq_Transmit_IT                     build/stm32f4xx_hal_i2c.o
HAL_I2C_Slave_Transmit                            build/stm32f4xx_hal_i2c.o
HAL_I2C_Slave_Transmit_DMA                        build/stm32f4xx_hal_i2c.o
HAL_I2C_Slave_Transmit_IT                         build/stm32f4xx_hal_i2c.o
HAL_IncTick                                       build/stm32f4xx_hal.o
                                                  build/stm32f4xx_it.o
HAL_Init                                          build/stm32f4xx_hal.o
                                                  build/main.o
HAL_InitTick                                      build/stm32f4xx_hal.o
                                                  build/stm32f4xx_hal_rcc_ex.o
                                                  build/stm32f4xx_hal_rcc.o
HAL_MPU_ConfigRegion                              build/stm32f4xx_hal_cortex.o
HAL_MPU_Disable                                   build/stm32f4xx_hal_cortex.o
HAL_MPU_Enable                                    build/stm32f4xx_hal_cortex.o
HAL_MspDeInit                                     build/stm32f4xx_hal.o
HAL_MspInit                                       build/stm32f4xx_hal_msp.o
HAL_NVIC_ClearPendingIRQ                          build/stm32f4xx_hal_cortex.o
HAL_NVIC_DisableIRQ                               build/stm32f4xx_hal_cortex.o
                                                  build/usbd_conf.o
                                                  build/stm32f4xx_hal_msp.o
HAL_NVIC_EnableIRQ                                build/stm32f4xx_hal_cortex.o
                                                  build/usbd_conf.o
                                                  build/stm32f4xx_hal_msp.o
HAL_NVIC_GetActive                                build/stm32f4xx_hal_cortex.o
HAL_NVIC_GetPendingIRQ                            build/stm32f4xx_hal_cortex.o
HAL_NVIC_GetPriority                              build/stm32f4xx_hal_cortex.o
HAL_NVIC_GetPriorityGrouping                      build/stm32f4xx_hal_cortex.o
HAL_NVIC_SetPendingIRQ                            build/stm32f4xx_hal_cortex.o
HAL_NVIC_SetPriority                              build/stm32f4xx_hal_cortex.o
                                                  build/usbd_conf.o
                                                  build/stm32f4xx_hal.o
                                                  build/stm32f4xx_hal_msp.o
HAL_NVIC_SetPriorityGrouping                      build/stm32f4xx_hal_cortex.o
                                                  build/stm32f4xx_hal.o
HAL_NVIC_SystemReset                              build/stm32f4xx_hal_cortex.o
HAL_PCDEx_BCD_Callback                            build/stm32f4xx_hal_pcd_ex.o
HAL_PCDEx_LPM_Callback                            build/stm32f4xx_hal_pcd_ex.o
                                                  build/stm32f4xx_hal_pcd.o
HAL_PCDEx_SetRxFiFo                               build/stm32f4xx_hal_pcd_ex.o
                                                  build/usbd_conf.o
HAL_PCDEx_SetTxFiFo                               build/stm32f4xx_hal_pcd_ex.o
                                                  build/usbd_conf.o
HAL_PCD_ActivateRemoteWakeup                      build/stm32f4xx_hal_pcd.o
HAL_PCD_ConnectCallback                           build/usbd_conf.o
                                                  build/stm32f4xx_hal_pcd.o
HAL_PCD_DataInStageCallback                       build/usbd_conf.o
                                                  build/stm32f4xx_hal_pcd.o
HAL_PCD_DataOutStageCallback                      build/usbd_conf.o
                                                  build/stm32f4xx_hal_pcd.o
HAL_PCD_DeActivateRemoteWakeup                    build/stm32f4xx_hal_pcd.o
HAL_PCD_DeInit                                    build/stm32f4xx_hal_pcd.o
                                                  build/usbd_conf.o
HAL_PCD_DevConnect                                build/stm32f4xx_hal_pcd.o
HAL_PCD_DevDisconnect                             build/stm32f4xx_hal_pcd.o
HAL_PCD_DisconnectCallback                        build/usbd_conf.o
                                                  build/stm32f4xx_hal_pcd.o
HAL_PCD_EP_Abort                                  build/stm32f4xx_hal_pcd.o
HAL_PCD_EP_Close                                  build/stm32f4xx_hal_pcd.o
                                                  build/usbd_conf.o
HAL_PCD_EP_ClrStall                               build/stm32f4xx_hal_pcd.o
                                                  build/usbd_conf.o
HAL_PCD_EP_Flush                                  build/stm32f4xx_hal_pcd.o
                                                  build/usbd_conf.o
HAL_PCD_EP_GetRxCount                             build/stm32f4xx_hal_pcd.o
                                                  build/usbd_conf.o
HAL_PCD_EP_Open                                   build/stm32f4xx_hal_pcd.o
                                                  build/usbd_conf.o
HAL_PCD_EP_Receive                                build/stm32f4xx_hal_pcd.o
                                                  build/usbd_conf.o
HAL_PCD_EP_SetStall                               build/stm32f4xx_hal_pcd.o
                                                  build/usbd_conf.o
HAL_PCD_EP_Transmit                               build/stm32f4xx_hal_pcd.o
                                                  build/usbd_conf.o